Jul 28 06:37:36 ip-172-31-60-73 systemd-networkd[749]: eth0: Configured
Jul 28 06:39:01 ip-172-31-60-73 CRON[28109]: (root) CMD (  [ -x /usr/lib/php/sessionclean ] && if [ ! -d /run/systemd/system ]; then /usr/lib/php/sessionclean; fi)
Jul 28 06:39:05 ip-172-31-60-73 systemd[1]: Starting Clean php session files...
Jul 28 06:39:05 ip-172-31-60-73 systemd[1]: Started Clean php session files.
Jul 28 06:42:05 ip-172-31-60-73 systemd[1]: Starting Daily apt upgrade and clean activities...
Jul 28 06:42:07 ip-172-31-60-73 systemd[1]: Started Daily apt upgrade and clean activities.
Jul 28 06:43:21 ip-172-31-60-73 systemd-timesyncd[678]: Timed out waiting for reply from 91.189.94.4:123 (ntp.ubuntu.com).
Jul 28 06:43:32 ip-172-31-60-73 systemd-timesyncd[678]: Timed out waiting for reply from 91.189.89.198:123 (ntp.ubuntu.com).
Jul 28 06:43:42 ip-172-31-60-73 systemd-timesyncd[678]: Timed out waiting for reply from 91.189.89.199:123 (ntp.ubuntu.com).
Jul 28 06:43:52 ip-172-31-60-73 systemd-timesyncd[678]: Timed out waiting for reply from 91.189.91.157:123 (ntp.ubuntu.com).
Jul 28 07:07:37 ip-172-31-60-73 systemd-networkd[749]: eth0: Configured
Jul 28 07:09:01 ip-172-31-60-73 CRON[28299]: (root) CMD (  [ -x /usr/lib/php/sessionclean ] && if [ ! -d /run/systemd/system ]; then /usr/lib/php/sessionclean; fi)
Jul 28 07:09:05 ip-172-31-60-73 systemd[1]: Starting Clean php session files...
Jul 28 07:09:05 ip-172-31-60-73 systemd[1]: Started Clean php session files.
Jul 28 07:17:01 ip-172-31-60-73 CRON[28372]: (root) CMD (   cd / && run-parts --report /etc/cron.hourly)
Jul 28 07:18:11 ip-172-31-60-73 systemd-timesyncd[678]: Timed out waiting for reply from 91.189.94.4:123 (ntp.ubuntu.com).
Jul 28 07:18:21 ip-172-31-60-73 systemd-timesyncd[678]: Timed out waiting for reply from 91.189.89.198:123 (ntp.ubuntu.com).
Jul 28 07:18:31 ip-172-31-60-73 systemd-timesyncd[678]: Timed out waiting for reply from 91.189.89.199:123 (ntp.ubuntu.com).
Jul 28 07:18:41 ip-172-31-60-73 systemd-timesyncd[678]: Timed out waiting for reply from 91.189.91.157:123 (ntp.ubuntu.com).
Jul 28 07:37:36 ip-172-31-60-73 systemd-networkd[749]: eth0: Configured
Jul 28 07:39:01 ip-172-31-60-73 CRON[28382]: (root) CMD (  [ -x /usr/lib/php/sessionclean ] && if [ ! -d /run/systemd/system ]; then /usr/lib/php/sessionclean; fi)
Jul 28 07:39:05 ip-172-31-60-73 systemd[1]: Starting Clean php session files...
Jul 28 07:39:05 ip-172-31-60-73 systemd[1]: Started Clean php session files.
Jul 28 07:53:00 ip-172-31-60-73 systemd-timesyncd[678]: Timed out waiting for reply from 91.189.91.157:123 (ntp.ubuntu.com).
Jul 28 07:53:10 ip-172-31-60-73 systemd-timesyncd[678]: Timed out waiting for reply from 91.189.94.4:123 (ntp.ubuntu.com).
Jul 28 07:53:20 ip-172-31-60-73 systemd-timesyncd[678]: Timed out waiting for reply from 91.189.89.198:123 (ntp.ubuntu.com).
Jul 28 07:53:31 ip-172-31-60-73 systemd-timesyncd[678]: Timed out waiting for reply from 91.189.89.199:123 (ntp.ubuntu.com).
Jul 28 08:07:36 ip-172-31-60-73 systemd-networkd[749]: eth0: Configured
Jul 28 08:09:01 ip-172-31-60-73 CRON[28466]: (root) CMD (  [ -x /usr/lib/php/sessionclean ] && if [ ! -d /run/systemd/system ]; then /usr/lib/php/sessionclean; fi)
Jul 28 08:09:05 ip-172-31-60-73 systemd[1]: Starting Clean php session files...
Jul 28 08:09:06 ip-172-31-60-73 systemd[1]: Started Clean php session files.
Jul 28 08:17:01 ip-172-31-60-73 CRON[28544]: (root) CMD (   cd / && run-parts --report /etc/cron.hourly)
Jul 28 08:27:49 ip-172-31-60-73 systemd-timesyncd[678]: Timed out waiting for reply from 91.189.91.157:123 (ntp.ubuntu.com).
Jul 28 08:27:59 ip-172-31-60-73 systemd-timesyncd[678]: Timed out waiting for reply from 91.189.94.4:123 (ntp.ubuntu.com).
Jul 28 08:28:10 ip-172-31-60-73 systemd-timesyncd[678]: Timed out waiting for reply from 91.189.89.198:123 (ntp.ubuntu.com).
Jul 28 08:28:20 ip-172-31-60-73 systemd-timesyncd[678]: Timed out waiting for reply from 91.189.89.199:123 (ntp.ubuntu.com).
Jul 28 08:37:36 ip-172-31-60-73 systemd-networkd[749]: eth0: Configured
Jul 28 08:39:01 ip-172-31-60-73 CRON[28555]: (root) CMD (  [ -x /usr/lib/php/sessionclean ] && if [ ! -d /run/systemd/system ]; then /usr/lib/php/sessionclean; fi)
Jul 28 08:39:06 ip-172-31-60-73 systemd[1]: Starting Clean php session files...
Jul 28 08:39:06 ip-172-31-60-73 systemd[1]: Started Clean php session files.
Jul 28 09:02:38 ip-172-31-60-73 systemd-timesyncd[678]: Timed out waiting for reply from 91.189.89.199:123 (ntp.ubuntu.com).
Jul 28 09:02:49 ip-172-31-60-73 systemd-timesyncd[678]: Timed out waiting for reply from 91.189.91.157:123 (ntp.ubuntu.com).
Jul 28 09:02:59 ip-172-31-60-73 systemd-timesyncd[678]: Timed out waiting for reply from 91.189.94.4:123 (ntp.ubuntu.com).
Jul 28 09:03:09 ip-172-31-60-73 systemd-timesyncd[678]: Timed out waiting for reply from 91.189.89.198:123 (ntp.ubuntu.com).
Jul 28 09:07:35 ip-172-31-60-73 systemd-networkd[749]: eth0: Configured
Jul 28 09:09:01 ip-172-31-60-73 CRON[28664]: (root) CMD (  [ -x /usr/lib/php/sessionclean ] && if [ ! -d /run/systemd/system ]; then /usr/lib/php/sessionclean; fi)
Jul 28 09:09:06 ip-172-31-60-73 systemd[1]: Starting Clean php session files...
Jul 28 09:09:06 ip-172-31-60-73 systemd[1]: Started Clean php session files.
Jul 28 09:17:01 ip-172-31-60-73 CRON[28738]: (root) CMD (   cd / && run-parts --report /etc/cron.hourly)
Jul 28 09:37:28 ip-172-31-60-73 systemd-timesyncd[678]: Timed out waiting for reply from 91.189.91.157:123 (ntp.ubuntu.com).
Jul 28 09:37:35 ip-172-31-60-73 systemd-networkd[749]: eth0: Configured
Jul 28 09:37:38 ip-172-31-60-73 systemd-timesyncd[678]: Timed out waiting for reply from 91.189.94.4:123 (ntp.ubuntu.com).
Jul 28 09:37:48 ip-172-31-60-73 systemd-timesyncd[678]: Timed out waiting for reply from 91.189.89.198:123 (ntp.ubuntu.com).
Jul 28 09:37:58 ip-172-31-60-73 systemd-timesyncd[678]: Timed out waiting for reply from 91.189.89.199:123 (ntp.ubuntu.com).
Jul 28 09:39:01 ip-172-31-60-73 CRON[28749]: (root) CMD (  [ -x /usr/lib/php/sessionclean ] && if [ ! -d /run/systemd/system ]; then /usr/lib/php/sessionclean; fi)
Jul 28 09:39:06 ip-172-31-60-73 systemd[1]: Starting Clean php session files...
Jul 28 09:39:06 ip-172-31-60-73 systemd[1]: Started Clean php session files.
Jul 28 10:01:25 ip-172-31-60-73 snapd[928]: storehelpers.go:438: cannot refresh: snap has no updates available: "amazon-ssm-agent", "core"
Jul 28 10:01:25 ip-172-31-60-73 snapd[928]: autorefresh.go:397: auto-refresh: all snaps are up-to-date
Jul 28 10:07:35 ip-172-31-60-73 systemd-networkd[749]: eth0: Configured
Jul 28 10:09:01 ip-172-31-60-73 CRON[28845]: (root) CMD (  [ -x /usr/lib/php/sessionclean ] && if [ ! -d /run/systemd/system ]; then /usr/lib/php/sessionclean; fi)
Jul 28 10:09:06 ip-172-31-60-73 systemd[1]: Starting Clean php session files...
Jul 28 10:09:06 ip-172-31-60-73 systemd[1]: Started Clean php session files.
Jul 28 10:12:17 ip-172-31-60-73 systemd-timesyncd[678]: Timed out waiting for reply from 91.189.89.199:123 (ntp.ubuntu.com).
Jul 28 10:12:27 ip-172-31-60-73 systemd-timesyncd[678]: Timed out waiting for reply from 91.189.91.157:123 (ntp.ubuntu.com).
Jul 28 10:12:37 ip-172-31-60-73 systemd-timesyncd[678]: Timed out waiting for reply from 91.189.94.4:123 (ntp.ubuntu.com).
Jul 28 10:12:48 ip-172-31-60-73 systemd-timesyncd[678]: Timed out waiting for reply from 91.189.89.198:123 (ntp.ubuntu.com).
Jul 28 10:17:01 ip-172-31-60-73 CRON[28919]: (root) CMD (   cd / && run-parts --report /etc/cron.hourly)
Jul 28 10:37:34 ip-172-31-60-73 systemd-networkd[749]: eth0: Configured
Jul 28 10:39:01 ip-172-31-60-73 CRON[28937]: (root) CMD (  [ -x /usr/lib/php/sessionclean ] && if [ ! -d /run/systemd/system ]; then /usr/lib/php/sessionclean; fi)
Jul 28 10:39:07 ip-172-31-60-73 systemd[1]: Starting Clean php session files...
Jul 28 10:39:07 ip-172-31-60-73 systemd[1]: Started Clean php session files.
Jul 28 10:47:06 ip-172-31-60-73 systemd-timesyncd[678]: Timed out waiting for reply from 91.189.94.4:123 (ntp.ubuntu.com).
Jul 28 10:47:16 ip-172-31-60-73 systemd-timesyncd[678]: Timed out waiting for reply from 91.189.89.198:123 (ntp.ubuntu.com).
Jul 28 10:47:27 ip-172-31-60-73 systemd-timesyncd[678]: Timed out waiting for reply from 91.189.89.199:123 (ntp.ubuntu.com).
Jul 28 10:47:37 ip-172-31-60-73 systemd-timesyncd[678]: Timed out waiting for reply from 91.189.91.157:123 (ntp.ubuntu.com).
Jul 28 11:07:34 ip-172-31-60-73 systemd-networkd[749]: eth0: Configured
Jul 28 11:09:01 ip-172-31-60-73 CRON[29028]: (root) CMD (  [ -x /usr/lib/php/sessionclean ] && if [ ! -d /run/systemd/system ]; then /usr/lib/php/sessionclean; fi)
Jul 28 11:09:07 ip-172-31-60-73 systemd[1]: Starting Clean php session files...
Jul 28 11:09:07 ip-172-31-60-73 systemd[1]: Started Clean php session files.
Jul 28 11:17:01 ip-172-31-60-73 CRON[29106]: (root) CMD (   cd / && run-parts --report /etc/cron.hourly)
Jul 28 11:21:55 ip-172-31-60-73 systemd-timesyncd[678]: Timed out waiting for reply from 91.189.91.157:123 (ntp.ubuntu.com).
Jul 28 11:22:06 ip-172-31-60-73 systemd-timesyncd[678]: Timed out waiting for reply from 91.189.94.4:123 (ntp.ubuntu.com).
Jul 28 11:22:16 ip-172-31-60-73 systemd-timesyncd[678]: Timed out waiting for reply from 91.189.89.198:123 (ntp.ubuntu.com).
Jul 28 11:22:26 ip-172-31-60-73 systemd-timesyncd[678]: Timed out waiting for reply from 91.189.89.199:123 (ntp.ubuntu.com).
Jul 28 11:37:34 ip-172-31-60-73 systemd-networkd[749]: eth0: Configured
Jul 28 11:39:01 ip-172-31-60-73 CRON[29117]: (root) CMD (  [ -x /usr/lib/php/sessionclean ] && if [ ! -d /run/systemd/system ]; then /usr/lib/php/sessionclean; fi)
Jul 28 11:39:07 ip-172-31-60-73 systemd[1]: Starting Clean php session files...
Jul 28 11:39:07 ip-172-31-60-73 systemd[1]: Started Clean php session files.
Jul 28 11:56:45 ip-172-31-60-73 systemd-timesyncd[678]: Timed out waiting for reply from 91.189.91.157:123 (ntp.ubuntu.com).
Jul 28 11:56:55 ip-172-31-60-73 systemd-timesyncd[678]: Timed out waiting for reply from 91.189.94.4:123 (ntp.ubuntu.com).
Jul 28 11:57:05 ip-172-31-60-73 systemd-timesyncd[678]: Timed out waiting for reply from 91.189.89.198:123 (ntp.ubuntu.com).
Jul 28 11:57:15 ip-172-31-60-73 systemd-timesyncd[678]: Timed out waiting for reply from 91.189.89.199:123 (ntp.ubuntu.com).
Jul 28 12:00:01 ip-172-31-60-73 CRON[29198]: (root) CMD (test -x /usr/bin/certbot -a \! -d /run/systemd/system && perl -e 'sleep int(rand(43200))' && certbot -q renew)
Jul 28 12:07:33 ip-172-31-60-73 systemd-networkd[749]: eth0: Configured
Jul 28 12:09:01 ip-172-31-60-73 CRON[29202]: (root) CMD (  [ -x /usr/lib/php/sessionclean ] && if [ ! -d /run/systemd/system ]; then /usr/lib/php/sessionclean; fi)
Jul 28 12:09:07 ip-172-31-60-73 systemd[1]: Starting Clean php session files...
Jul 28 12:09:07 ip-172-31-60-73 systemd[1]: Started Clean php session files.
Jul 28 12:17:01 ip-172-31-60-73 CRON[29286]: (root) CMD (   cd / && run-parts --report /etc/cron.hourly)
Jul 28 12:31:34 ip-172-31-60-73 systemd-timesyncd[678]: Timed out waiting for reply from 91.189.91.157:123 (ntp.ubuntu.com).
Jul 28 12:31:44 ip-172-31-60-73 systemd-timesyncd[678]: Timed out waiting for reply from 91.189.94.4:123 (ntp.ubuntu.com).
Jul 28 12:31:54 ip-172-31-60-73 systemd-timesyncd[678]: Timed out waiting for reply from 91.189.89.198:123 (ntp.ubuntu.com).
Jul 28 12:32:05 ip-172-31-60-73 systemd-timesyncd[678]: Timed out waiting for reply from 91.189.89.199:123 (ntp.ubuntu.com).
Jul 28 12:37:33 ip-172-31-60-73 systemd-networkd[749]: eth0: Configured
Jul 28 12:39:01 ip-172-31-60-73 CRON[29301]: (root) CMD (  [ -x /usr/lib/php/sessionclean ] && if [ ! -d /run/systemd/system ]; then /usr/lib/php/sessionclean; fi)
Jul 28 12:39:07 ip-172-31-60-73 systemd[1]: Starting Clean php session files...
Jul 28 12:39:07 ip-172-31-60-73 systemd[1]: Started Clean php session files.
Jul 28 13:06:23 ip-172-31-60-73 systemd-timesyncd[678]: Timed out waiting for reply from 91.189.91.157:123 (ntp.ubuntu.com).
Jul 28 13:06:33 ip-172-31-60-73 systemd-timesyncd[678]: Timed out waiting for reply from 91.189.94.4:123 (ntp.ubuntu.com).
Jul 28 13:06:44 ip-172-31-60-73 systemd-timesyncd[678]: Timed out waiting for reply from 91.189.89.198:123 (ntp.ubuntu.com).
Jul 28 13:06:54 ip-172-31-60-73 systemd-timesyncd[678]: Timed out waiting for reply from 91.189.89.199:123 (ntp.ubuntu.com).
Jul 28 13:07:32 ip-172-31-60-73 systemd-networkd[749]: eth0: Configured
Jul 28 13:09:01 ip-172-31-60-73 CRON[29389]: (root) CMD (  [ -x /usr/lib/php/sessionclean ] && if [ ! -d /run/systemd/system ]; then /usr/lib/php/sessionclean; fi)
Jul 28 13:09:08 ip-172-31-60-73 systemd[1]: Starting Clean php session files...
Jul 28 13:09:08 ip-172-31-60-73 systemd[1]: Started Clean php session files.
Jul 28 13:17:01 ip-172-31-60-73 CRON[29463]: (root) CMD (   cd / && run-parts --report /etc/cron.hourly)
Jul 28 13:37:32 ip-172-31-60-73 systemd-networkd[749]: eth0: Configured
Jul 28 13:39:01 ip-172-31-60-73 CRON[29477]: (root) CMD (  [ -x /usr/lib/php/sessionclean ] && if [ ! -d /run/systemd/system ]; then /usr/lib/php/sessionclean; fi)
Jul 28 13:39:08 ip-172-31-60-73 systemd[1]: Starting Clean php session files...
Jul 28 13:39:08 ip-172-31-60-73 systemd[1]: Started Clean php session files.
Jul 28 13:41:12 ip-172-31-60-73 systemd-timesyncd[678]: Timed out waiting for reply from 91.189.89.199:123 (ntp.ubuntu.com).
Jul 28 13:41:23 ip-172-31-60-73 systemd-timesyncd[678]: Timed out waiting for reply from 91.189.91.157:123 (ntp.ubuntu.com).
Jul 28 13:41:33 ip-172-31-60-73 systemd-timesyncd[678]: Timed out waiting for reply from 91.189.94.4:123 (ntp.ubuntu.com).
Jul 28 13:41:43 ip-172-31-60-73 systemd-timesyncd[678]: Timed out waiting for reply from 91.189.89.198:123 (ntp.ubuntu.com).
Jul 28 14:07:31 ip-172-31-60-73 systemd-networkd[749]: eth0: Configured
Jul 28 14:09:01 ip-172-31-60-73 CRON[29563]: (root) CMD (  [ -x /usr/lib/php/sessionclean ] && if [ ! -d /run/systemd/system ]; then /usr/lib/php/sessionclean; fi)
Jul 28 14:09:08 ip-172-31-60-73 systemd[1]: Starting Clean php session files...
Jul 28 14:09:08 ip-172-31-60-73 systemd[1]: Started Clean php session files.
Jul 28 14:16:02 ip-172-31-60-73 systemd-timesyncd[678]: Timed out waiting for reply from 91.189.91.157:123 (ntp.ubuntu.com).
Jul 28 14:16:12 ip-172-31-60-73 systemd-timesyncd[678]: Timed out waiting for reply from 91.189.94.4:123 (ntp.ubuntu.com).
Jul 28 14:16:22 ip-172-31-60-73 systemd-timesyncd[678]: Timed out waiting for reply from 91.189.89.198:123 (ntp.ubuntu.com).
Jul 28 14:16:32 ip-172-31-60-73 systemd-timesyncd[678]: Timed out waiting for reply from 91.189.89.199:123 (ntp.ubuntu.com).
Jul 28 14:17:02 ip-172-31-60-73 CRON[29638]: (root) CMD (   cd / && run-parts --report /etc/cron.hourly)
Jul 28 14:37:30 ip-172-31-60-73 systemd-networkd[749]: eth0: Configured
Jul 28 14:39:01 ip-172-31-60-73 CRON[29650]: (root) CMD (  [ -x /usr/lib/php/sessionclean ] && if [ ! -d /run/systemd/system ]; then /usr/lib/php/sessionclean; fi)
Jul 28 14:39:08 ip-172-31-60-73 systemd[1]: Starting Clean php session files...
Jul 28 14:39:08 ip-172-31-60-73 systemd[1]: Started Clean php session files.
Jul 28 14:50:51 ip-172-31-60-73 systemd-timesyncd[678]: Timed out waiting for reply from 91.189.94.4:123 (ntp.ubuntu.com).
Jul 28 14:51:01 ip-172-31-60-73 systemd-timesyncd[678]: Timed out waiting for reply from 91.189.89.198:123 (ntp.ubuntu.com).
Jul 28 14:51:11 ip-172-31-60-73 systemd-timesyncd[678]: Timed out waiting for reply from 91.189.89.199:123 (ntp.ubuntu.com).
Jul 28 14:51:22 ip-172-31-60-73 systemd-timesyncd[678]: Timed out waiting for reply from 91.189.91.157:123 (ntp.ubuntu.com).
Jul 28 14:56:25 ip-172-31-60-73 snapd[928]: storehelpers.go:438: cannot refresh: snap has no updates available: "amazon-ssm-agent", "core"
Jul 28 14:56:25 ip-172-31-60-73 snapd[928]: autorefresh.go:397: auto-refresh: all snaps are up-to-date
Jul 28 15:07:29 ip-172-31-60-73 systemd-networkd[749]: eth0: Configured
Jul 28 15:09:01 ip-172-31-60-73 CRON[29742]: (root) CMD (  [ -x /usr/lib/php/sessionclean ] && if [ ! -d /run/systemd/system ]; then /usr/lib/php/sessionclean; fi)
Jul 28 15:09:08 ip-172-31-60-73 systemd[1]: Starting Clean php session files...
Jul 28 15:09:08 ip-172-31-60-73 systemd[1]: Started Clean php session files.
Jul 28 15:17:01 ip-172-31-60-73 CRON[29817]: (root) CMD (   cd / && run-parts --report /etc/cron.hourly)
Jul 28 15:25:40 ip-172-31-60-73 systemd-timesyncd[678]: Timed out waiting for reply from 91.189.94.4:123 (ntp.ubuntu.com).
Jul 28 15:25:50 ip-172-31-60-73 systemd-timesyncd[678]: Timed out waiting for reply from 91.189.89.198:123 (ntp.ubuntu.com).
Jul 28 15:26:01 ip-172-31-60-73 systemd-timesyncd[678]: Timed out waiting for reply from 91.189.89.199:123 (ntp.ubuntu.com).
Jul 28 15:26:11 ip-172-31-60-73 systemd-timesyncd[678]: Timed out waiting for reply from 91.189.91.157:123 (ntp.ubuntu.com).
Jul 28 15:37:28 ip-172-31-60-73 systemd-networkd[749]: eth0: Configured
Jul 28 15:39:01 ip-172-31-60-73 CRON[29828]: (root) CMD (  [ -x /usr/lib/php/sessionclean ] && if [ ! -d /run/systemd/system ]; then /usr/lib/php/sessionclean; fi)
Jul 28 15:39:09 ip-172-31-60-73 systemd[1]: Starting Clean php session files...
Jul 28 15:39:09 ip-172-31-60-73 systemd[1]: Started Clean php session files.
Jul 28 16:00:29 ip-172-31-60-73 systemd-timesyncd[678]: Timed out waiting for reply from 91.189.94.4:123 (ntp.ubuntu.com).
Jul 28 16:00:40 ip-172-31-60-73 systemd-timesyncd[678]: Timed out waiting for reply from 91.189.89.198:123 (ntp.ubuntu.com).
Jul 28 16:00:50 ip-172-31-60-73 systemd-timesyncd[678]: Timed out waiting for reply from 91.189.89.199:123 (ntp.ubuntu.com).
Jul 28 16:01:00 ip-172-31-60-73 systemd-timesyncd[678]: Timed out waiting for reply from 91.189.91.157:123 (ntp.ubuntu.com).
Jul 28 16:07:28 ip-172-31-60-73 systemd-networkd[749]: eth0: Configured
Jul 28 16:09:01 ip-172-31-60-73 CRON[29927]: (root) CMD (  [ -x /usr/lib/php/sessionclean ] && if [ ! -d /run/systemd/system ]; then /usr/lib/php/sessionclean; fi)
Jul 28 16:09:09 ip-172-31-60-73 systemd[1]: Starting Clean php session files...
Jul 28 16:09:09 ip-172-31-60-73 systemd[1]: Started Clean php session files.
Jul 28 16:17:01 ip-172-31-60-73 CRON[30002]: (root) CMD (   cd / && run-parts --report /etc/cron.hourly)
Jul 28 16:28:49 ip-172-31-60-73 systemd[1]: Starting Certbot...
Jul 28 16:28:49 ip-172-31-60-73 systemd[1]: Started Certbot.
Jul 28 16:35:19 ip-172-31-60-73 systemd-timesyncd[678]: Timed out waiting for reply from 91.189.91.157:123 (ntp.ubuntu.com).
Jul 28 16:35:29 ip-172-31-60-73 systemd-timesyncd[678]: Timed out waiting for reply from 91.189.94.4:123 (ntp.ubuntu.com).
Jul 28 16:35:39 ip-172-31-60-73 systemd-timesyncd[678]: Timed out waiting for reply from 91.189.89.198:123 (ntp.ubuntu.com).
Jul 28 16:35:49 ip-172-31-60-73 systemd-timesyncd[678]: Timed out waiting for reply from 91.189.89.199:123 (ntp.ubuntu.com).
Jul 28 16:37:28 ip-172-31-60-73 systemd-networkd[749]: eth0: Configured
Jul 28 16:39:01 ip-172-31-60-73 CRON[30055]: (root) CMD (  [ -x /usr/lib/php/sessionclean ] && if [ ! -d /run/systemd/system ]; then /usr/lib/php/sessionclean; fi)
Jul 28 16:39:09 ip-172-31-60-73 systemd[1]: Starting Clean php session files...
Jul 28 16:39:09 ip-172-31-60-73 systemd[1]: Started Clean php session files.
Jul 28 17:07:28 ip-172-31-60-73 systemd-networkd[749]: eth0: Configured
Jul 28 17:07:57 ip-172-31-60-73 systemd[1]: Starting Daily apt download activities...
Jul 28 17:07:57 ip-172-31-60-73 systemd[1]: Started Daily apt download activities.
Jul 28 17:09:01 ip-172-31-60-73 CRON[30212]: (root) CMD (  [ -x /usr/lib/php/sessionclean ] && if [ ! -d /run/systemd/system ]; then /usr/lib/php/sessionclean; fi)
Jul 28 17:09:09 ip-172-31-60-73 systemd[1]: Starting Clean php session files...
Jul 28 17:09:09 ip-172-31-60-73 systemd[1]: Started Clean php session files.
Jul 28 17:10:08 ip-172-31-60-73 systemd-timesyncd[678]: Timed out waiting for reply from 91.189.89.199:123 (ntp.ubuntu.com).
Jul 28 17:10:18 ip-172-31-60-73 systemd-timesyncd[678]: Timed out waiting for reply from 91.189.91.157:123 (ntp.ubuntu.com).
Jul 28 17:10:28 ip-172-31-60-73 systemd-timesyncd[678]: Timed out waiting for reply from 91.189.94.4:123 (ntp.ubuntu.com).
Jul 28 17:10:39 ip-172-31-60-73 systemd-timesyncd[678]: Timed out waiting for reply from 91.189.89.198:123 (ntp.ubuntu.com).
Jul 28 17:17:01 ip-172-31-60-73 CRON[30288]: (root) CMD (   cd / && run-parts --report /etc/cron.hourly)
Jul 28 17:37:27 ip-172-31-60-73 systemd-networkd[749]: eth0: Configured
Jul 28 17:39:01 ip-172-31-60-73 CRON[30299]: (root) CMD (  [ -x /usr/lib/php/sessionclean ] && if [ ! -d /run/systemd/system ]; then /usr/lib/php/sessionclean; fi)
Jul 28 17:39:09 ip-172-31-60-73 systemd[1]: Starting Clean php session files...
Jul 28 17:39:09 ip-172-31-60-73 systemd[1]: Started Clean php session files.
Jul 28 17:44:57 ip-172-31-60-73 systemd-timesyncd[678]: Timed out waiting for reply from 91.189.89.198:123 (ntp.ubuntu.com).
Jul 28 17:45:07 ip-172-31-60-73 systemd-timesyncd[678]: Timed out waiting for reply from 91.189.89.199:123 (ntp.ubuntu.com).
Jul 28 17:45:18 ip-172-31-60-73 systemd-timesyncd[678]: Timed out waiting for reply from 91.189.91.157:123 (ntp.ubuntu.com).
Jul 28 17:45:28 ip-172-31-60-73 systemd-timesyncd[678]: Timed out waiting for reply from 91.189.94.4:123 (ntp.ubuntu.com).
Jul 28 18:07:27 ip-172-31-60-73 systemd-networkd[749]: eth0: Configured
Jul 28 18:09:00 ip-172-31-60-73 systemd[1]: Starting Clean php session files...
Jul 28 18:09:00 ip-172-31-60-73 systemd[1]: Started Clean php session files.
Jul 28 18:09:01 ip-172-31-60-73 CRON[30454]: (root) CMD (  [ -x /usr/lib/php/sessionclean ] && if [ ! -d /run/systemd/system ]; then /usr/lib/php/sessionclean; fi)
Jul 28 18:17:01 ip-172-31-60-73 CRON[30578]: (root) CMD (   cd / && run-parts --report /etc/cron.hourly)
Jul 28 18:19:46 ip-172-31-60-73 systemd-timesyncd[678]: Timed out waiting for reply from 91.189.89.198:123 (ntp.ubuntu.com).
Jul 28 18:19:57 ip-172-31-60-73 systemd-timesyncd[678]: Timed out waiting for reply from 91.189.89.199:123 (ntp.ubuntu.com).
Jul 28 18:20:07 ip-172-31-60-73 systemd-timesyncd[678]: Timed out waiting for reply from 91.189.91.157:123 (ntp.ubuntu.com).
Jul 28 18:20:17 ip-172-31-60-73 systemd-timesyncd[678]: Timed out waiting for reply from 91.189.94.4:123 (ntp.ubuntu.com).
Jul 28 18:37:26 ip-172-31-60-73 systemd-networkd[749]: eth0: Configured
Jul 28 18:39:00 ip-172-31-60-73 systemd[1]: Starting Clean php session files...
Jul 28 18:39:00 ip-172-31-60-73 systemd[1]: Started Clean php session files.
Jul 28 18:39:01 ip-172-31-60-73 CRON[30662]: (root) CMD (  [ -x /usr/lib/php/sessionclean ] && if [ ! -d /run/systemd/system ]; then /usr/lib/php/sessionclean; fi)
Jul 28 18:54:36 ip-172-31-60-73 systemd-timesyncd[678]: Timed out waiting for reply from 91.189.94.4:123 (ntp.ubuntu.com).
Jul 28 18:54:46 ip-172-31-60-73 systemd-timesyncd[678]: Timed out waiting for reply from 91.189.89.198:123 (ntp.ubuntu.com).
Jul 28 18:54:56 ip-172-31-60-73 systemd-timesyncd[678]: Timed out waiting for reply from 91.189.89.199:123 (ntp.ubuntu.com).
Jul 28 18:55:06 ip-172-31-60-73 systemd-timesyncd[678]: Timed out waiting for reply from 91.189.91.157:123 (ntp.ubuntu.com).
Jul 28 19:07:25 ip-172-31-60-73 systemd-networkd[749]: eth0: Configured
Jul 28 19:09:00 ip-172-31-60-73 systemd[1]: Starting Clean php session files...
Jul 28 19:09:00 ip-172-31-60-73 systemd[1]: Started Clean php session files.
Jul 28 19:09:01 ip-172-31-60-73 CRON[30755]: (root) CMD (  [ -x /usr/lib/php/sessionclean ] && if [ ! -d /run/systemd/system ]; then /usr/lib/php/sessionclean; fi)
Jul 28 19:17:01 ip-172-31-60-73 CRON[30762]: (root) CMD (   cd / && run-parts --report /etc/cron.hourly)
Jul 28 19:29:25 ip-172-31-60-73 systemd-timesyncd[678]: Timed out waiting for reply from 91.189.89.199:123 (ntp.ubuntu.com).
Jul 28 19:29:35 ip-172-31-60-73 systemd-timesyncd[678]: Timed out waiting for reply from 91.189.91.157:123 (ntp.ubuntu.com).
Jul 28 19:29:45 ip-172-31-60-73 systemd-timesyncd[678]: Timed out waiting for reply from 91.189.94.4:123 (ntp.ubuntu.com).
Jul 28 19:29:56 ip-172-31-60-73 systemd-timesyncd[678]: Timed out waiting for reply from 91.189.89.198:123 (ntp.ubuntu.com).
Jul 28 19:37:24 ip-172-31-60-73 systemd-networkd[749]: eth0: Configured
Jul 28 19:39:00 ip-172-31-60-73 systemd[1]: Starting Clean php session files...
Jul 28 19:39:00 ip-172-31-60-73 systemd[1]: Started Clean php session files.
Jul 28 19:39:01 ip-172-31-60-73 CRON[30845]: (root) CMD (  [ -x /usr/lib/php/sessionclean ] && if [ ! -d /run/systemd/system ]; then /usr/lib/php/sessionclean; fi)
Jul 28 20:04:14 ip-172-31-60-73 systemd-timesyncd[678]: Timed out waiting for reply from 91.189.91.157:123 (ntp.ubuntu.com).
Jul 28 20:04:24 ip-172-31-60-73 systemd-timesyncd[678]: Timed out waiting for reply from 91.189.94.4:123 (ntp.ubuntu.com).
Jul 28 20:04:35 ip-172-31-60-73 systemd-timesyncd[678]: Timed out waiting for reply from 91.189.89.198:123 (ntp.ubuntu.com).
Jul 28 20:04:45 ip-172-31-60-73 systemd-timesyncd[678]: Timed out waiting for reply from 91.189.89.199:123 (ntp.ubuntu.com).
Jul 28 20:07:23 ip-172-31-60-73 systemd-networkd[749]: eth0: Configured
Jul 28 20:09:00 ip-172-31-60-73 systemd[1]: Starting Clean php session files...
Jul 28 20:09:01 ip-172-31-60-73 systemd[1]: Started Clean php session files.
Jul 28 20:09:01 ip-172-31-60-73 CRON[30934]: (root) CMD (  [ -x /usr/lib/php/sessionclean ] && if [ ! -d /run/systemd/system ]; then /usr/lib/php/sessionclean; fi)
Jul 28 20:17:01 ip-172-31-60-73 CRON[30941]: (root) CMD (   cd / && run-parts --report /etc/cron.hourly)
Jul 28 20:37:23 ip-172-31-60-73 systemd-networkd[749]: eth0: Configured
Jul 28 20:39:01 ip-172-31-60-73 systemd[1]: Starting Clean php session files...
Jul 28 20:39:01 ip-172-31-60-73 CRON[31015]: (root) CMD (  [ -x /usr/lib/php/sessionclean ] && if [ ! -d /run/systemd/system ]; then /usr/lib/php/sessionclean; fi)
Jul 28 20:39:01 ip-172-31-60-73 systemd[1]: Started Clean php session files.
Jul 28 20:39:03 ip-172-31-60-73 systemd-timesyncd[678]: Timed out waiting for reply from 91.189.94.4:123 (ntp.ubuntu.com).
Jul 28 20:39:14 ip-172-31-60-73 systemd-timesyncd[678]: Timed out waiting for reply from 91.189.89.198:123 (ntp.ubuntu.com).
Jul 28 20:39:24 ip-172-31-60-73 systemd-timesyncd[678]: Timed out waiting for reply from 91.189.89.199:123 (ntp.ubuntu.com).
Jul 28 20:39:34 ip-172-31-60-73 systemd-timesyncd[678]: Timed out waiting for reply from 91.189.91.157:123 (ntp.ubuntu.com).
Jul 28 21:07:22 ip-172-31-60-73 systemd-networkd[749]: eth0: Configured
Jul 28 21:09:01 ip-172-31-60-73 CRON[31056]: (root) CMD (  [ -x /usr/lib/php/sessionclean ] && if [ ! -d /run/systemd/system ]; then /usr/lib/php/sessionclean; fi)
Jul 28 21:09:01 ip-172-31-60-73 systemd[1]: Starting Clean php session files...
Jul 28 21:09:01 ip-172-31-60-73 systemd[1]: Started Clean php session files.
Jul 28 21:13:53 ip-172-31-60-73 systemd-timesyncd[678]: Timed out waiting for reply from 91.189.91.157:123 (ntp.ubuntu.com).
Jul 28 21:14:03 ip-172-31-60-73 systemd-timesyncd[678]: Timed out waiting for reply from 91.189.94.4:123 (ntp.ubuntu.com).
Jul 28 21:14:13 ip-172-31-60-73 systemd-timesyncd[678]: Timed out waiting for reply from 91.189.89.198:123 (ntp.ubuntu.com).
Jul 28 21:14:23 ip-172-31-60-73 systemd-timesyncd[678]: Timed out waiting for reply from 91.189.89.199:123 (ntp.ubuntu.com).
Jul 28 21:17:01 ip-172-31-60-73 CRON[31134]: (root) CMD (   cd / && run-parts --report /etc/cron.hourly)
Jul 28 21:37:23 ip-172-31-60-73 systemd-networkd[749]: eth0: Configured
Jul 28 21:39:01 ip-172-31-60-73 CRON[31148]: (root) CMD (  [ -x /usr/lib/php/sessionclean ] && if [ ! -d /run/systemd/system ]; then /usr/lib/php/sessionclean; fi)
Jul 28 21:39:01 ip-172-31-60-73 systemd[1]: Starting Clean php session files...
Jul 28 21:39:01 ip-172-31-60-73 systemd[1]: Started Clean php session files.
Jul 28 21:48:42 ip-172-31-60-73 systemd-timesyncd[678]: Timed out waiting for reply from 91.189.89.199:123 (ntp.ubuntu.com).
Jul 28 21:48:52 ip-172-31-60-73 systemd-timesyncd[678]: Timed out waiting for reply from 91.189.91.157:123 (ntp.ubuntu.com).
Jul 28 21:49:02 ip-172-31-60-73 systemd-timesyncd[678]: Timed out waiting for reply from 91.189.94.4:123 (ntp.ubuntu.com).
Jul 28 21:49:13 ip-172-31-60-73 systemd-timesyncd[678]: Timed out waiting for reply from 91.189.89.198:123 (ntp.ubuntu.com).
Jul 28 21:51:25 ip-172-31-60-73 snapd[928]: storehelpers.go:438: cannot refresh: snap has no updates available: "amazon-ssm-agent", "core"
Jul 28 21:51:25 ip-172-31-60-73 snapd[928]: autorefresh.go:397: auto-refresh: all snaps are up-to-date
Jul 28 22:09:01 ip-172-31-60-73 CRON[31236]: (root) CMD (  [ -x /usr/lib/php/sessionclean ] && if [ ! -d /run/systemd/system ]; then /usr/lib/php/sessionclean; fi)
Jul 28 22:09:01 ip-172-31-60-73 systemd[1]: Starting Clean php session files...
Jul 28 22:09:01 ip-172-31-60-73 systemd[1]: Started Clean php session files.
Jul 28 22:17:01 ip-172-31-60-73 CRON[31312]: (root) CMD (   cd / && run-parts --report /etc/cron.hourly)
Jul 28 22:18:40 ip-172-31-60-73 systemd-networkd[749]: eth0: Configured
Jul 28 22:23:31 ip-172-31-60-73 systemd-timesyncd[678]: Timed out waiting for reply from 91.189.91.157:123 (ntp.ubuntu.com).
Jul 28 22:23:41 ip-172-31-60-73 systemd-timesyncd[678]: Timed out waiting for reply from 91.189.94.4:123 (ntp.ubuntu.com).
Jul 28 22:23:52 ip-172-31-60-73 systemd-timesyncd[678]: Timed out waiting for reply from 91.189.89.198:123 (ntp.ubuntu.com).
Jul 28 22:24:02 ip-172-31-60-73 systemd-timesyncd[678]: Timed out waiting for reply from 91.189.89.199:123 (ntp.ubuntu.com).
Jul 28 22:39:01 ip-172-31-60-73 CRON[31337]: (root) CMD (  [ -x /usr/lib/php/sessionclean ] && if [ ! -d /run/systemd/system ]; then /usr/lib/php/sessionclean; fi)
Jul 28 22:39:01 ip-172-31-60-73 systemd[1]: Starting Clean php session files...
Jul 28 22:39:02 ip-172-31-60-73 systemd[1]: Started Clean php session files.
Jul 28 22:48:39 ip-172-31-60-73 systemd-networkd[749]: eth0: Configured
Jul 28 22:58:20 ip-172-31-60-73 systemd-timesyncd[678]: Timed out waiting for reply from 91.189.89.199:123 (ntp.ubuntu.com).
Jul 28 22:58:31 ip-172-31-60-73 systemd-timesyncd[678]: Timed out waiting for reply from 91.189.91.157:123 (ntp.ubuntu.com).
Jul 28 22:58:41 ip-172-31-60-73 systemd-timesyncd[678]: Timed out waiting for reply from 91.189.94.4:123 (ntp.ubuntu.com).
Jul 28 22:58:51 ip-172-31-60-73 systemd-timesyncd[678]: Timed out waiting for reply from 91.189.89.198:123 (ntp.ubuntu.com).
Jul 28 23:00:42 ip-172-31-60-73 systemd[1]: Starting Message of the Day...
Jul 28 23:00:42 ip-172-31-60-73 50-motd-news[31416]:  * "If you've been waiting for the perfect Kubernetes dev solution for
Jul 28 23:00:42 ip-172-31-60-73 50-motd-news[31416]:    macOS, the wait is over. Learn how to install Microk8s on macOS."
Jul 28 23:00:42 ip-172-31-60-73 50-motd-news[31416]:    https://www.techrepublic.com/article/how-to-install-microk8s-on-macos/
Jul 28 23:00:42 ip-172-31-60-73 systemd[1]: Started Message of the Day.
Jul 28 23:09:01 ip-172-31-60-73 CRON[31518]: (root) CMD (  [ -x /usr/lib/php/sessionclean ] && if [ ! -d /run/systemd/system ]; then /usr/lib/php/sessionclean; fi)
Jul 28 23:09:02 ip-172-31-60-73 systemd[1]: Starting Clean php session files...
Jul 28 23:09:02 ip-172-31-60-73 systemd[1]: Started Clean php session files.
Jul 28 23:17:01 ip-172-31-60-73 CRON[31592]: (root) CMD (   cd / && run-parts --report /etc/cron.hourly)
Jul 28 23:18:39 ip-172-31-60-73 systemd-networkd[749]: eth0: Configured
Jul 28 23:33:10 ip-172-31-60-73 systemd-timesyncd[678]: Timed out waiting for reply from 91.189.89.199:123 (ntp.ubuntu.com).
Jul 28 23:33:20 ip-172-31-60-73 systemd-timesyncd[678]: Timed out waiting for reply from 91.189.91.157:123 (ntp.ubuntu.com).
Jul 28 23:33:30 ip-172-31-60-73 systemd-timesyncd[678]: Timed out waiting for reply from 91.189.94.4:123 (ntp.ubuntu.com).
Jul 28 23:33:40 ip-172-31-60-73 systemd-timesyncd[678]: Timed out waiting for reply from 91.189.89.198:123 (ntp.ubuntu.com).
Jul 28 23:39:01 ip-172-31-60-73 CRON[31607]: (root) CMD (  [ -x /usr/lib/php/sessionclean ] && if [ ! -d /run/systemd/system ]; then /usr/lib/php/sessionclean; fi)
Jul 28 23:39:02 ip-172-31-60-73 systemd[1]: Starting Clean php session files...
Jul 28 23:39:02 ip-172-31-60-73 systemd[1]: Started Clean php session files.
Jul 28 23:48:38 ip-172-31-60-73 systemd-networkd[749]: eth0: Configured
Jul 29 00:00:01 ip-172-31-60-73 CRON[31686]: (root) CMD (test -x /usr/bin/certbot -a \! -d /run/systemd/system && perl -e 'sleep int(rand(43200))' && certbot -q renew)
Jul 29 00:07:59 ip-172-31-60-73 systemd-timesyncd[678]: Timed out waiting for reply from 91.189.91.157:123 (ntp.ubuntu.com).
Jul 29 00:08:09 ip-172-31-60-73 systemd-timesyncd[678]: Timed out waiting for reply from 91.189.94.4:123 (ntp.ubuntu.com).
Jul 29 00:08:19 ip-172-31-60-73 systemd-timesyncd[678]: Timed out waiting for reply from 91.189.89.198:123 (ntp.ubuntu.com).
Jul 29 00:08:30 ip-172-31-60-73 systemd-timesyncd[678]: Timed out waiting for reply from 91.189.89.199:123 (ntp.ubuntu.com).
Jul 29 00:09:01 ip-172-31-60-73 CRON[31693]: (root) CMD (  [ -x /usr/lib/php/sessionclean ] && if [ ! -d /run/systemd/system ]; then /usr/lib/php/sessionclean; fi)
Jul 29 00:09:02 ip-172-31-60-73 systemd[1]: Starting Clean php session files...
Jul 29 00:09:02 ip-172-31-60-73 systemd[1]: Started Clean php session files.
Jul 29 00:11:35 ip-172-31-60-73 systemd[1]: Created slice User Slice of ubuntu.
Jul 29 00:11:35 ip-172-31-60-73 systemd[1]: Starting User Manager for UID 1000...
Jul 29 00:11:35 ip-172-31-60-73 systemd[1]: Started Session 384 of user ubuntu.
Jul 29 00:11:35 ip-172-31-60-73 systemd[31765]: Listening on GnuPG cryptographic agent and passphrase cache (restricted).
Jul 29 00:11:35 ip-172-31-60-73 systemd[31765]: Listening on GnuPG cryptographic agent (ssh-agent emulation).
Jul 29 00:11:35 ip-172-31-60-73 systemd[31765]: Reached target Timers.
Jul 29 00:11:35 ip-172-31-60-73 systemd[31765]: Listening on GnuPG cryptographic agent and passphrase cache (access for web browsers).
Jul 29 00:11:35 ip-172-31-60-73 systemd[31765]: Reached target Paths.
Jul 29 00:11:35 ip-172-31-60-73 systemd[31765]: Listening on REST API socket for snapd user session agent.
Jul 29 00:11:35 ip-172-31-60-73 systemd[31765]: Listening on GnuPG cryptographic agent and passphrase cache.
Jul 29 00:11:35 ip-172-31-60-73 systemd[31765]: Listening on GnuPG network certificate management daemon.
Jul 29 00:11:35 ip-172-31-60-73 systemd[31765]: Reached target Sockets.
Jul 29 00:11:35 ip-172-31-60-73 systemd[31765]: Reached target Basic System.
Jul 29 00:11:35 ip-172-31-60-73 systemd[1]: Started User Manager for UID 1000.
Jul 29 00:11:35 ip-172-31-60-73 systemd[31765]: Reached target Default.
Jul 29 00:11:35 ip-172-31-60-73 systemd[31765]: Startup finished in 23ms.
Jul 29 00:17:01 ip-172-31-60-73 CRON[32103]: (root) CMD (   cd / && run-parts --report /etc/cron.hourly)
Jul 29 00:18:38 ip-172-31-60-73 systemd-networkd[749]: eth0: Configured
Jul 29 00:26:11 ip-172-31-60-73 systemd[1]: Starting Message of the Day...
Jul 29 00:26:12 ip-172-31-60-73 50-motd-news[32117]:  * "If you've been waiting for the perfect Kubernetes dev solution for
Jul 29 00:26:12 ip-172-31-60-73 50-motd-news[32117]:    macOS, the wait is over. Learn how to install Microk8s on macOS."
Jul 29 00:26:12 ip-172-31-60-73 50-motd-news[32117]:    https://www.techrepublic.com/article/how-to-install-microk8s-on-macos/
Jul 29 00:26:12 ip-172-31-60-73 systemd[1]: Started Message of the Day.
Jul 29 00:36:20 ip-172-31-60-73 systemd[1]: Stopping User Manager for UID 1000...
Jul 29 00:36:20 ip-172-31-60-73 systemd[31765]: Stopped target Default.
Jul 29 00:36:20 ip-172-31-60-73 systemd[31765]: Stopped target Basic System.
Jul 29 00:36:20 ip-172-31-60-73 systemd[31765]: Stopped target Paths.
Jul 29 00:36:20 ip-172-31-60-73 systemd[31765]: Stopped target Sockets.
Jul 29 00:36:20 ip-172-31-60-73 systemd[31765]: Closed GnuPG cryptographic agent and passphrase cache.
Jul 29 00:36:20 ip-172-31-60-73 systemd[31765]: Closed GnuPG cryptographic agent and passphrase cache (access for web browsers).
Jul 29 00:36:20 ip-172-31-60-73 systemd[31765]: Closed GnuPG network certificate management daemon.
Jul 29 00:36:20 ip-172-31-60-73 systemd[31765]: Closed GnuPG cryptographic agent and passphrase cache (restricted).
Jul 29 00:36:20 ip-172-31-60-73 systemd[31765]: Closed GnuPG cryptographic agent (ssh-agent emulation).
Jul 29 00:36:20 ip-172-31-60-73 systemd[31765]: Closed REST API socket for snapd user session agent.
Jul 29 00:36:20 ip-172-31-60-73 systemd[31765]: Reached target Shutdown.
Jul 29 00:36:20 ip-172-31-60-73 systemd[31765]: Starting Exit the Session...
Jul 29 00:36:20 ip-172-31-60-73 systemd[31765]: Stopped target Timers.
Jul 29 00:36:20 ip-172-31-60-73 systemd[31765]: Received SIGRTMIN+24 from PID 32185 (kill).
Jul 29 00:36:20 ip-172-31-60-73 systemd[1]: user@1000.service: Killing process 32185 (kill) with signal SIGKILL.
Jul 29 00:36:20 ip-172-31-60-73 systemd[1]: Stopped User Manager for UID 1000.
Jul 29 00:36:20 ip-172-31-60-73 systemd[1]: Removed slice User Slice of ubuntu.
Jul 29 00:39:01 ip-172-31-60-73 CRON[32187]: (root) CMD (  [ -x /usr/lib/php/sessionclean ] && if [ ! -d /run/systemd/system ]; then /usr/lib/php/sessionclean; fi)
Jul 29 00:39:02 ip-172-31-60-73 systemd[1]: Starting Clean php session files...
Jul 29 00:39:02 ip-172-31-60-73 systemd[1]: Started Clean php session files.
Jul 29 00:42:48 ip-172-31-60-73 systemd-timesyncd[678]: Timed out waiting for reply from 91.189.89.199:123 (ntp.ubuntu.com).
Jul 29 00:42:58 ip-172-31-60-73 systemd-timesyncd[678]: Timed out waiting for reply from 91.189.91.157:123 (ntp.ubuntu.com).
Jul 29 00:43:09 ip-172-31-60-73 systemd-timesyncd[678]: Timed out waiting for reply from 91.189.94.4:123 (ntp.ubuntu.com).
Jul 29 00:43:19 ip-172-31-60-73 systemd-timesyncd[678]: Timed out waiting for reply from 91.189.89.198:123 (ntp.ubuntu.com).
Jul 29 00:46:24 ip-172-31-60-73 systemd[1]: Starting Cleanup of Temporary Directories...
Jul 29 00:46:24 ip-172-31-60-73 systemd[1]: Started Cleanup of Temporary Directories.
Jul 29 00:48:36 ip-172-31-60-73 systemd-networkd[749]: eth0: Configured
Jul 29 01:09:01 ip-172-31-60-73 CRON[32293]: (root) CMD (  [ -x /usr/lib/php/sessionclean ] && if [ ! -d /run/systemd/system ]; then /usr/lib/php/sessionclean; fi)
Jul 29 01:09:02 ip-172-31-60-73 systemd[1]: Starting Clean php session files...
Jul 29 01:09:03 ip-172-31-60-73 systemd[1]: Started Clean php session files.
Jul 29 01:17:01 ip-172-31-60-73 CRON[32370]: (root) CMD (   cd / && run-parts --report /etc/cron.hourly)
Jul 29 01:17:37 ip-172-31-60-73 systemd-timesyncd[678]: Timed out waiting for reply from 91.189.91.157:123 (ntp.ubuntu.com).
Jul 29 01:17:48 ip-172-31-60-73 systemd-timesyncd[678]: Timed out waiting for reply from 91.189.94.4:123 (ntp.ubuntu.com).
Jul 29 01:17:58 ip-172-31-60-73 systemd-timesyncd[678]: Timed out waiting for reply from 91.189.89.198:123 (ntp.ubuntu.com).
Jul 29 01:18:08 ip-172-31-60-73 systemd-timesyncd[678]: Timed out waiting for reply from 91.189.89.199:123 (ntp.ubuntu.com).
Jul 29 01:18:36 ip-172-31-60-73 systemd-networkd[749]: eth0: Configured
Jul 29 01:39:01 ip-172-31-60-73 CRON[32389]: (root) CMD (  [ -x /usr/lib/php/sessionclean ] && if [ ! -d /run/systemd/system ]; then /usr/lib/php/sessionclean; fi)
Jul 29 01:39:03 ip-172-31-60-73 systemd[1]: Starting Clean php session files...
Jul 29 01:39:03 ip-172-31-60-73 systemd[1]: Started Clean php session files.
Jul 29 01:48:35 ip-172-31-60-73 systemd-networkd[749]: eth0: Configured
Jul 29 01:52:27 ip-172-31-60-73 systemd-timesyncd[678]: Timed out waiting for reply from 91.189.91.157:123 (ntp.ubuntu.com).
Jul 29 01:52:37 ip-172-31-60-73 systemd-timesyncd[678]: Timed out waiting for reply from 91.189.94.4:123 (ntp.ubuntu.com).
Jul 29 01:52:47 ip-172-31-60-73 systemd-timesyncd[678]: Timed out waiting for reply from 91.189.89.198:123 (ntp.ubuntu.com).
Jul 29 01:52:57 ip-172-31-60-73 systemd-timesyncd[678]: Timed out waiting for reply from 91.189.89.199:123 (ntp.ubuntu.com).
Jul 29 02:09:01 ip-172-31-60-73 CRON[32470]: (root) CMD (  [ -x /usr/lib/php/sessionclean ] && if [ ! -d /run/systemd/system ]; then /usr/lib/php/sessionclean; fi)
Jul 29 02:09:03 ip-172-31-60-73 systemd[1]: Starting Clean php session files...
Jul 29 02:09:03 ip-172-31-60-73 systemd[1]: Started Clean php session files.
Jul 29 02:17:01 ip-172-31-60-73 CRON[32548]: (root) CMD (   cd / && run-parts --report /etc/cron.hourly)
Jul 29 02:18:35 ip-172-31-60-73 systemd-networkd[749]: eth0: Configured
Jul 29 02:27:16 ip-172-31-60-73 systemd-timesyncd[678]: Timed out waiting for reply from 91.189.91.157:123 (ntp.ubuntu.com).
Jul 29 02:27:26 ip-172-31-60-73 systemd-timesyncd[678]: Timed out waiting for reply from 91.189.94.4:123 (ntp.ubuntu.com).
Jul 29 02:27:36 ip-172-31-60-73 systemd-timesyncd[678]: Timed out waiting for reply from 91.189.89.198:123 (ntp.ubuntu.com).
Jul 29 02:27:47 ip-172-31-60-73 systemd-timesyncd[678]: Timed out waiting for reply from 91.189.89.199:123 (ntp.ubuntu.com).
Jul 29 02:39:01 ip-172-31-60-73 CRON[32561]: (root) CMD (  [ -x /usr/lib/php/sessionclean ] && if [ ! -d /run/systemd/system ]; then /usr/lib/php/sessionclean; fi)
Jul 29 02:39:03 ip-172-31-60-73 systemd[1]: Starting Clean php session files...
Jul 29 02:39:03 ip-172-31-60-73 systemd[1]: Started Clean php session files.
Jul 29 02:46:01 ip-172-31-60-73 systemd[1]: Received SIGINT.
Jul 29 02:46:01 ip-172-31-60-73 systemd[1]: Stopping ACPI event daemon...
Jul 29 02:46:01 ip-172-31-60-73 systemd[1]: Closed Load/Save RF Kill Switch Status /dev/rfkill Watch.
Jul 29 02:46:01 ip-172-31-60-73 systemd[1]: Stopped target Cloud-init target.
Jul 29 02:46:01 ip-172-31-60-73 systemd[1]: Stopping Authorization Manager...
Jul 29 02:46:01 ip-172-31-60-73 systemd[1]: Stopped target Graphical Interface.
Jul 29 02:46:01 ip-172-31-60-73 systemd[1]: Stopping Availability of block devices...
Jul 29 02:46:01 ip-172-31-60-73 systemd[1]: Stopped target Remote File Systems (Pre).
Jul 29 02:46:01 ip-172-31-60-73 systemd[1]: Stopped Execute cloud user/final scripts.
Jul 29 02:46:01 ip-172-31-60-73 systemd[1]: Stopped Apply the settings specified in cloud-config.
Jul 29 02:46:01 ip-172-31-60-73 blkdeactivate[32639]: Deactivating block devices:
Jul 29 02:46:01 ip-172-31-60-73 systemd[1]: Stopped target Cloud-config availability.
Jul 29 02:46:01 ip-172-31-60-73 systemd[1]: Stopped target Multi-User System.
Jul 29 02:46:01 ip-172-31-60-73 systemd[1]: Stopping LSB: Record successful boot for GRUB...
Jul 29 02:46:01 ip-172-31-60-73 systemd[1]: Stopping D-Bus System Message Bus...
Jul 29 02:46:01 ip-172-31-60-73 systemd[1]: Stopping Unattended Upgrades Shutdown...
Jul 29 02:46:01 ip-172-31-60-73 systemd[1]: Stopped target Login Prompts.
Jul 29 02:46:01 ip-172-31-60-73 systemd[1]: Stopped Wait until snapd is fully seeded.
Jul 29 02:46:01 ip-172-31-60-73 systemd[1]: Stopping Dispatcher daemon for systemd-networkd...
Jul 29 02:46:01 ip-172-31-60-73 systemd[1]: Stopping The PHP 7.2 FastCGI Process Manager...
Jul 29 02:46:01 ip-172-31-60-73 amazon-ssm-agent.amazon-ssm-agent[926]: 2020-07-29 02:46:01 INFO Got signal:terminated value:0x55ea0590d240
Jul 29 02:46:01 ip-172-31-60-73 amazon-ssm-agent.amazon-ssm-agent[926]: 2020-07-29 02:46:01 INFO Stopping agent
Jul 29 02:46:01 ip-172-31-60-73 systemd[1]: Stopping Service for snap application amazon-ssm-agent.amazon-ssm-agent...
Jul 29 02:46:01 ip-172-31-60-73 systemd[1]: Stopping Snap Daemon...
Jul 29 02:46:01 ip-172-31-60-73 snapd[928]: main.go:155: Exiting on terminated signal.
Jul 29 02:46:01 ip-172-31-60-73 systemd[1]: Stopping Regular background program processing daemon...
Jul 29 02:46:01 ip-172-31-60-73 systemd[1]: Stopping The Apache HTTP Server...
Jul 29 02:46:01 ip-172-31-60-73 systemd[1]: Stopping LSB: automatic crash report generation...
Jul 29 02:46:01 ip-172-31-60-73 systemd[1]: Stopping Deferred execution scheduler...
Jul 29 02:46:01 ip-172-31-60-73 systemd[1]: Stopping OpenBSD Secure Shell server...
Jul 29 02:46:01 ip-172-31-60-73 systemd[1]: Stopped target Network is Online.
Jul 29 02:46:01 ip-172-31-60-73 systemd[1]: Stopping Accounts Service...
Jul 29 02:46:01 ip-172-31-60-73 systemd[1]: Stopping FUSE filesystem for LXC...
Jul 29 02:46:01 ip-172-31-60-73 systemd[1]: Stopping Getty on tty1...
Jul 29 02:46:01 ip-172-31-60-73 systemd[1]: Stopping Serial Getty on ttyS0...
Jul 29 02:46:48 ip-172-31-60-73 systemd-modules-load[456]: Inserted module 'iscsi_tcp'
Jul 29 02:46:48 ip-172-31-60-73 systemd-modules-load[456]: Inserted module 'ib_iser'
Jul 29 02:46:48 ip-172-31-60-73 keyboard-setup.sh[458]: cannot open file /run/tmpkbd.rmdfvT
Jul 29 02:46:48 ip-172-31-60-73 systemd[1]: Starting Flush Journal to Persistent Storage...
Jul 29 02:46:48 ip-172-31-60-73 systemd[1]: Starting Apply Kernel Variables...
Jul 29 02:46:48 ip-172-31-60-73 systemd[1]: Mounting FUSE Control File System...
Jul 29 02:46:48 ip-172-31-60-73 systemd[1]: Mounting Kernel Configuration File System...
Jul 29 02:46:48 ip-172-31-60-73 systemd[1]: Mounted FUSE Control File System.
Jul 29 02:46:48 ip-172-31-60-73 systemd[1]: Mounted Kernel Configuration File System.
Jul 29 02:46:48 ip-172-31-60-73 systemd[1]: Started Apply Kernel Variables.
Jul 29 02:46:48 ip-172-31-60-73 systemd[1]: Started udev Coldplug all Devices.
Jul 29 02:46:48 ip-172-31-60-73 systemd[1]: Started Flush Journal to Persistent Storage.
Jul 29 02:46:48 ip-172-31-60-73 systemd[1]: Found device /dev/ttyS0.
Jul 29 02:46:48 ip-172-31-60-73 systemd-udevd[513]: link_config: autonegotiation is unset or enabled, the speed and duplex are not writable.
Jul 29 02:46:48 ip-172-31-60-73 systemd-udevd[513]: Could not set WakeOnLan of eth0 to off: Operation not supported
Jul 29 02:46:48 ip-172-31-60-73 systemd[1]: Listening on Load/Save RF Kill Switch Status /dev/rfkill Watch.
Jul 29 02:46:48 ip-172-31-60-73 systemd-udevd[512]: link_config: autonegotiation is unset or enabled, the speed and duplex are not writable.
Jul 29 02:46:48 ip-172-31-60-73 systemd[1]: Started Set the console keyboard layout.
Jul 29 02:46:48 ip-172-31-60-73 systemd[1]: Reached target Local File Systems (Pre).
Jul 29 02:46:48 ip-172-31-60-73 systemd[1]: Mounting Mount unit for amazon-ssm-agent, revision 1566...
Jul 29 02:46:48 ip-172-31-60-73 systemd[1]: Mounting Mount unit for amazon-ssm-agent, revision 2012...
Jul 29 02:46:48 ip-172-31-60-73 systemd[1]: Mounting Mount unit for core, revision 9436...
Jul 29 02:46:48 ip-172-31-60-73 systemd[1]: Mounting Mount unit for core, revision 9665...
Jul 29 02:46:48 ip-172-31-60-73 systemd[1]: Reached target Local File Systems.
Jul 29 02:46:48 ip-172-31-60-73 systemd[1]: Starting Set console font and keymap...
Jul 29 02:46:48 ip-172-31-60-73 systemd[1]: Starting ebtables ruleset management...
Jul 29 02:46:48 ip-172-31-60-73 systemd[1]: Starting AppArmor initialization...
Jul 29 02:46:48 ip-172-31-60-73 systemd[1]: Starting Tell Plymouth To Write Out Runtime Data...
Jul 29 02:46:48 ip-172-31-60-73 systemd[1]: Starting Create Volatile Files and Directories...
Jul 29 02:46:48 ip-172-31-60-73 systemd[1]: Started Dispatch Password Requests to Console Directory Watch.
Jul 29 02:46:48 ip-172-31-60-73 systemd[1]: Reached target Local Encrypted Volumes.
Jul 29 02:46:48 ip-172-31-60-73 systemd[1]: Mounted Mount unit for amazon-ssm-agent, revision 1566.
Jul 29 02:46:48 ip-172-31-60-73 systemd[1]: Mounted Mount unit for amazon-ssm-agent, revision 2012.
Jul 29 02:46:48 ip-172-31-60-73 systemd[1]: Mounted Mount unit for core, revision 9436.
Jul 29 02:46:48 ip-172-31-60-73 systemd[1]: Mounted Mount unit for core, revision 9665.
Jul 29 02:46:48 ip-172-31-60-73 systemd[1]: Started Set console font and keymap.
Jul 29 02:46:48 ip-172-31-60-73 systemd[1]: Started Tell Plymouth To Write Out Runtime Data.
Jul 29 02:46:48 ip-172-31-60-73 systemd[1]: Started Create Volatile Files and Directories.
Jul 29 02:46:48 ip-172-31-60-73 systemd[1]: Starting Network Time Synchronization...
Jul 29 02:46:48 ip-172-31-60-73 systemd[1]: Starting Update UTMP about System Boot/Shutdown...
Jul 29 02:46:48 ip-172-31-60-73 systemd[1]: Started Update UTMP about System Boot/Shutdown.
Jul 29 02:46:48 ip-172-31-60-73 apparmor[575]:  * Starting AppArmor profiles
Jul 29 02:46:48 ip-172-31-60-73 systemd[1]: Started ebtables ruleset management.
Jul 29 02:46:48 ip-172-31-60-73 systemd[1]: Started Network Time Synchronization.
Jul 29 02:46:48 ip-172-31-60-73 systemd[1]: Reached target System Time Synchronized.
Jul 29 02:46:48 ip-172-31-60-73 apparmor[575]: Skipping profile in /etc/apparmor.d/disable: usr.sbin.rsyslogd
Jul 29 02:46:48 ip-172-31-60-73 apparmor[575]:    ...done.
Jul 29 02:46:48 ip-172-31-60-73 systemd[1]: Started AppArmor initialization.
Jul 29 02:46:48 ip-172-31-60-73 systemd[1]: Starting Load AppArmor profiles managed internally by snapd...
Jul 29 02:46:48 ip-172-31-60-73 systemd[1]: Starting Initial cloud-init job (pre-networking)...
Jul 29 02:46:48 ip-172-31-60-73 systemd[1]: Started Load AppArmor profiles managed internally by snapd.
Jul 29 02:46:48 ip-172-31-60-73 dhclient[729]: Internet Systems Consortium DHCP Client 4.3.5
Jul 29 02:46:48 ip-172-31-60-73 dhclient[729]: Copyright 2004-2016 Internet Systems Consortium.
Jul 29 02:46:48 ip-172-31-60-73 dhclient[729]: All rights reserved.
Jul 29 02:46:48 ip-172-31-60-73 dhclient[729]: For info, please visit https://www.isc.org/software/dhcp/
Jul 29 02:46:48 ip-172-31-60-73 dhclient[729]: 
Jul 29 02:46:48 ip-172-31-60-73 dhclient[729]: Listening on LPF/eth0/06:a0:6a:62:06:83
Jul 29 02:46:48 ip-172-31-60-73 dhclient[729]: Sending on   LPF/eth0/06:a0:6a:62:06:83
Jul 29 02:46:48 ip-172-31-60-73 dhclient[729]: Sending on   Socket/fallback
Jul 29 02:46:48 ip-172-31-60-73 dhclient[729]: DHCPDISCOVER on eth0 to 255.255.255.255 port 67 interval 3 (xid=0xd882b31)
Jul 29 02:46:48 ip-172-31-60-73 dhclient[729]: DHCPREQUEST of 172.31.60.73 on eth0 to 255.255.255.255 port 67 (xid=0x312b880d)
Jul 29 02:46:48 ip-172-31-60-73 dhclient[729]: DHCPOFFER of 172.31.60.73 from 172.31.48.1
Jul 29 02:46:48 ip-172-31-60-73 dhclient[729]: DHCPACK of 172.31.60.73 from 172.31.48.1
Jul 29 02:46:48 ip-172-31-60-73 kernel: [    0.000000] Linux version 5.3.0-1030-aws (buildd@lgw01-amd64-017) (gcc version 7.5.0 (Ubuntu 7.5.0-3ubuntu1~18.04)) #32~18.04.1-Ubuntu SMP Tue Jun 30 23:04:16 UTC 2020 (Ubuntu 5.3.0-1030.32~18.04.1-aws 5.3.18)
Jul 29 02:46:48 ip-172-31-60-73 kernel: [    0.000000] Command line: BOOT_IMAGE=/boot/vmlinuz-5.3.0-1030-aws root=UUID=2ce321d3-087f-4a58-8f97-ed6135e77fee ro console=tty1 console=ttyS0 nvme_core.io_timeout=4294967295
Jul 29 02:46:48 ip-172-31-60-73 kernel: [    0.000000] KERNEL supported cpus:
Jul 29 02:46:48 ip-172-31-60-73 kernel: [    0.000000]   Intel GenuineIntel
Jul 29 02:46:48 ip-172-31-60-73 kernel: [    0.000000]   AMD AuthenticAMD
Jul 29 02:46:48 ip-172-31-60-73 kernel: [    0.000000]   Hygon HygonGenuine
Jul 29 02:46:48 ip-172-31-60-73 kernel: [    0.000000]   Centaur CentaurHauls
Jul 29 02:46:48 ip-172-31-60-73 kernel: [    0.000000]   zhaoxin   Shanghai  
Jul 29 02:46:48 ip-172-31-60-73 kernel: [    0.000000] x86/fpu: Supporting XSAVE feature 0x001: 'x87 floating point registers'
Jul 29 02:46:48 ip-172-31-60-73 kernel: [    0.000000] x86/fpu: Supporting XSAVE feature 0x002: 'SSE registers'
Jul 29 02:46:48 ip-172-31-60-73 kernel: [    0.000000] x86/fpu: Supporting XSAVE feature 0x004: 'AVX registers'
Jul 29 02:46:48 ip-172-31-60-73 kernel: [    0.000000] x86/fpu: xstate_offset[2]:  576, xstate_sizes[2]:  256
Jul 29 02:46:48 ip-172-31-60-73 kernel: [    0.000000] x86/fpu: Enabled xstate features 0x7, context size is 832 bytes, using 'standard' format.
Jul 29 02:46:48 ip-172-31-60-73 kernel: [    0.000000] BIOS-provided physical RAM map:
Jul 29 02:46:48 ip-172-31-60-73 kernel: [    0.000000] BIOS-e820: [mem 0x0000000000000000-0x000000000009dfff] usable
Jul 29 02:46:48 ip-172-31-60-73 kernel: [    0.000000] BIOS-e820: [mem 0x000000000009e000-0x000000000009ffff] reserved
Jul 29 02:46:48 ip-172-31-60-73 kernel: [    0.000000] BIOS-e820: [mem 0x00000000000e0000-0x00000000000fffff] reserved
Jul 29 02:46:48 ip-172-31-60-73 kernel: [    0.000000] BIOS-e820: [mem 0x0000000000100000-0x000000007fffffff] usable
Jul 29 02:46:48 ip-172-31-60-73 kernel: [    0.000000] BIOS-e820: [mem 0x00000000fc000000-0x00000000ffffffff] reserved
Jul 29 02:46:48 ip-172-31-60-73 kernel: [    0.000000] NX (Execute Disable) protection: active
Jul 29 02:46:48 ip-172-31-60-73 kernel: [    0.000000] SMBIOS 2.7 present.
Jul 29 02:46:48 ip-172-31-60-73 kernel: [    0.000000] DMI: Xen HVM domU, BIOS 4.2.amazon 08/24/2006
Jul 29 02:46:48 ip-172-31-60-73 kernel: [    0.000000] Hypervisor detected: Xen HVM
Jul 29 02:46:48 ip-172-31-60-73 kernel: [    0.000000] Xen version 4.2.
Jul 29 02:46:48 ip-172-31-60-73 kernel: [    0.000000] Xen Platform PCI: I/O protocol version 1
Jul 29 02:46:48 ip-172-31-60-73 kernel: [    0.000000] Netfront and the Xen platform PCI driver have been compiled for this kernel: unplug emulated NICs.
Jul 29 02:46:48 ip-172-31-60-73 kernel: [    0.000000] Blkfront and the Xen platform PCI driver have been compiled for this kernel: unplug emulated disks.
Jul 29 02:46:48 ip-172-31-60-73 kernel: [    0.000000] You might have to change the root device
Jul 29 02:46:48 ip-172-31-60-73 kernel: [    0.000000] from /dev/hd[a-d] to /dev/xvd[a-d]
Jul 29 02:46:48 ip-172-31-60-73 kernel: [    0.000000] in your root= kernel command line option
Jul 29 02:46:48 ip-172-31-60-73 kernel: [    0.000002] HVMOP_pagetable_dying not supported
Jul 29 02:46:48 ip-172-31-60-73 kernel: [    0.015676] tsc: Fast TSC calibration using PIT
Jul 29 02:46:48 ip-172-31-60-73 kernel: [    0.015679] tsc: Detected 2394.457 MHz processor
Jul 29 02:46:48 ip-172-31-60-73 kernel: [    0.015680] tsc: Detected 2394.506 MHz TSC
Jul 29 02:46:48 ip-172-31-60-73 kernel: [    0.016701] e820: update [mem 0x00000000-0x00000fff] usable ==> reserved
Jul 29 02:46:48 ip-172-31-60-73 kernel: [    0.016703] e820: remove [mem 0x000a0000-0x000fffff] usable
Jul 29 02:46:48 ip-172-31-60-73 kernel: [    0.016707] last_pfn = 0x80000 max_arch_pfn = 0x400000000
Jul 29 02:46:48 ip-172-31-60-73 kernel: [    0.016733] MTRR default type: write-back
Jul 29 02:46:48 ip-172-31-60-73 kernel: [    0.016734] MTRR fixed ranges enabled:
Jul 29 02:46:48 ip-172-31-60-73 kernel: [    0.016735]   00000-9FFFF write-back
Jul 29 02:46:48 ip-172-31-60-73 kernel: [    0.016736]   A0000-BFFFF write-combining
Jul 29 02:46:48 ip-172-31-60-73 kernel: [    0.016736]   C0000-FFFFF write-back
Jul 29 02:46:48 ip-172-31-60-73 kernel: [    0.016737] MTRR variable ranges enabled:
Jul 29 02:46:48 ip-172-31-60-73 kernel: [    0.016738]   0 base 0000F0000000 mask 3FFFF8000000 uncachable
Jul 29 02:46:48 ip-172-31-60-73 kernel: [    0.016739]   1 base 0000F8000000 mask 3FFFFC000000 uncachable
Jul 29 02:46:48 ip-172-31-60-73 kernel: [    0.016740]   2 disabled
Jul 29 02:46:48 ip-172-31-60-73 kernel: [    0.016740]   3 disabled
Jul 29 02:46:48 ip-172-31-60-73 kernel: [    0.016740]   4 disabled
Jul 29 02:46:48 ip-172-31-60-73 kernel: [    0.016741]   5 disabled
Jul 29 02:46:48 ip-172-31-60-73 kernel: [    0.016741]   6 disabled
Jul 29 02:46:48 ip-172-31-60-73 kernel: [    0.016742]   7 disabled
Jul 29 02:46:48 ip-172-31-60-73 kernel: [    0.016751] x86/PAT: Configuration [0-7]: WB  WC  UC- UC  WB  WP  UC- WT  
Jul 29 02:46:48 ip-172-31-60-73 kernel: [    0.023804] found SMP MP-table at [mem 0x000fbc50-0x000fbc5f]
Jul 29 02:46:48 ip-172-31-60-73 kernel: [    0.023874] check: Scanning 1 areas for low memory corruption
Jul 29 02:46:48 ip-172-31-60-73 kernel: [    0.023953] BRK [0x14e01000, 0x14e01fff] PGTABLE
Jul 29 02:46:48 ip-172-31-60-73 kernel: [    0.023954] BRK [0x14e02000, 0x14e02fff] PGTABLE
Jul 29 02:46:48 ip-172-31-60-73 kernel: [    0.023955] BRK [0x14e03000, 0x14e03fff] PGTABLE
Jul 29 02:46:48 ip-172-31-60-73 kernel: [    0.023980] BRK [0x14e04000, 0x14e04fff] PGTABLE
Jul 29 02:46:48 ip-172-31-60-73 kernel: [    0.023981] BRK [0x14e05000, 0x14e05fff] PGTABLE
Jul 29 02:46:48 ip-172-31-60-73 kernel: [    0.024044] RAMDISK: [mem 0x3583f000-0x36c16fff]
Jul 29 02:46:48 ip-172-31-60-73 kernel: [    0.024084] ACPI: Early table checksum verification disabled
Jul 29 02:46:48 ip-172-31-60-73 kernel: [    0.024088] ACPI: RSDP 0x00000000000EA020 000024 (v02 Xen   )
Jul 29 02:46:48 ip-172-31-60-73 kernel: [    0.024091] ACPI: XSDT 0x00000000FC00E2A0 000054 (v01 Xen    HVM      00000000 HVML 00000000)
Jul 29 02:46:48 ip-172-31-60-73 kernel: [    0.024097] ACPI: FACP 0x00000000FC00DF60 0000F4 (v04 Xen    HVM      00000000 HVML 00000000)
Jul 29 02:46:48 ip-172-31-60-73 kernel: [    0.024102] ACPI: DSDT 0x00000000FC0021C0 00BD19 (v02 Xen    HVM      00000000 INTL 20090123)
Jul 29 02:46:48 ip-172-31-60-73 kernel: [    0.024105] ACPI: FACS 0x00000000FC002180 000040
Jul 29 02:46:48 ip-172-31-60-73 kernel: [    0.024107] ACPI: FACS 0x00000000FC002180 000040
Jul 29 02:46:48 ip-172-31-60-73 kernel: [    0.024109] ACPI: APIC 0x00000000FC00E060 0000D8 (v02 Xen    HVM      00000000 HVML 00000000)
Jul 29 02:46:48 ip-172-31-60-73 kernel: [    0.024111] ACPI: HPET 0x00000000FC00E1B0 000038 (v01 Xen    HVM      00000000 HVML 00000000)
Jul 29 02:46:48 ip-172-31-60-73 kernel: [    0.024114] ACPI: WAET 0x00000000FC00E1F0 000028 (v01 Xen    HVM      00000000 HVML 00000000)
Jul 29 02:46:48 ip-172-31-60-73 kernel: [    0.024116] ACPI: SSDT 0x00000000FC00E220 000031 (v02 Xen    HVM      00000000 INTL 20090123)
Jul 29 02:46:48 ip-172-31-60-73 kernel: [    0.024119] ACPI: SSDT 0x00000000FC00E260 000033 (v02 Xen    HVM      00000000 INTL 20090123)
Jul 29 02:46:48 ip-172-31-60-73 kernel: [    0.024126] ACPI: Local APIC address 0xfee00000
Jul 29 02:46:48 ip-172-31-60-73 kernel: [    0.025261] No NUMA configuration found
Jul 29 02:46:48 ip-172-31-60-73 kernel: [    0.025264] Faking a node at [mem 0x0000000000000000-0x000000007fffffff]
Jul 29 02:46:48 ip-172-31-60-73 kernel: [    0.025274] NODE_DATA(0) allocated [mem 0x7ffd5000-0x7fffffff]
Jul 29 02:46:48 ip-172-31-60-73 kernel: [    0.025488] Zone ranges:
Jul 29 02:46:48 ip-172-31-60-73 kernel: [    0.025489]   DMA      [mem 0x0000000000001000-0x0000000000ffffff]
Jul 29 02:46:48 ip-172-31-60-73 kernel: [    0.025491]   DMA32    [mem 0x0000000001000000-0x000000007fffffff]
Jul 29 02:46:48 ip-172-31-60-73 kernel: [    0.025492]   Normal   empty
Jul 29 02:46:48 ip-172-31-60-73 kernel: [    0.025493]   Device   empty
Jul 29 02:46:48 ip-172-31-60-73 kernel: [    0.025494] Movable zone start for each node
Jul 29 02:46:48 ip-172-31-60-73 kernel: [    0.025497] Early memory node ranges
Jul 29 02:46:48 ip-172-31-60-73 kernel: [    0.025498]   node   0: [mem 0x0000000000001000-0x000000000009dfff]
Jul 29 02:46:48 ip-172-31-60-73 kernel: [    0.025499]   node   0: [mem 0x0000000000100000-0x000000007fffffff]
Jul 29 02:46:48 ip-172-31-60-73 kernel: [    0.025502] Zeroed struct page in unavailable ranges: 99 pages
Jul 29 02:46:48 ip-172-31-60-73 kernel: [    0.025504] Initmem setup node 0 [mem 0x0000000000001000-0x000000007fffffff]
Jul 29 02:46:48 ip-172-31-60-73 kernel: [    0.025505] On node 0 totalpages: 524189
Jul 29 02:46:48 ip-172-31-60-73 kernel: [    0.025506]   DMA zone: 64 pages used for memmap
Jul 29 02:46:48 ip-172-31-60-73 kernel: [    0.025507]   DMA zone: 21 pages reserved
Jul 29 02:46:48 ip-172-31-60-73 kernel: [    0.025508]   DMA zone: 3997 pages, LIFO batch:0
Jul 29 02:46:48 ip-172-31-60-73 kernel: [    0.025578]   DMA32 zone: 8128 pages used for memmap
Jul 29 02:46:48 ip-172-31-60-73 kernel: [    0.025579]   DMA32 zone: 520192 pages, LIFO batch:63
Jul 29 02:46:48 ip-172-31-60-73 kernel: [    0.034651] ACPI: PM-Timer IO Port: 0xb008
Jul 29 02:46:48 ip-172-31-60-73 kernel: [    0.034656] ACPI: Local APIC address 0xfee00000
Jul 29 02:46:48 ip-172-31-60-73 kernel: [    0.034718] IOAPIC[0]: apic_id 1, version 17, address 0xfec00000, GSI 0-47
Jul 29 02:46:48 ip-172-31-60-73 kernel: [    0.034721] ACPI: INT_SRC_OVR (bus 0 bus_irq 0 global_irq 2 dfl dfl)
Jul 29 02:46:48 ip-172-31-60-73 kernel: [    0.034723] ACPI: INT_SRC_OVR (bus 0 bus_irq 5 global_irq 5 low level)
Jul 29 02:46:48 ip-172-31-60-73 kernel: [    0.034724] ACPI: INT_SRC_OVR (bus 0 bus_irq 10 global_irq 10 low level)
Jul 29 02:46:48 ip-172-31-60-73 kernel: [    0.034725] ACPI: INT_SRC_OVR (bus 0 bus_irq 11 global_irq 11 low level)
Jul 29 02:46:48 ip-172-31-60-73 kernel: [    0.034727] ACPI: IRQ0 used by override.
Jul 29 02:46:48 ip-172-31-60-73 kernel: [    0.034728] ACPI: IRQ5 used by override.
Jul 29 02:46:48 ip-172-31-60-73 kernel: [    0.034728] ACPI: IRQ9 used by override.
Jul 29 02:46:48 ip-172-31-60-73 kernel: [    0.034729] ACPI: IRQ10 used by override.
Jul 29 02:46:48 ip-172-31-60-73 kernel: [    0.034729] ACPI: IRQ11 used by override.
Jul 29 02:46:48 ip-172-31-60-73 kernel: [    0.034731] Using ACPI (MADT) for SMP configuration information
Jul 29 02:46:48 ip-172-31-60-73 kernel: [    0.034733] ACPI: HPET id: 0x8086a201 base: 0xfed00000
Jul 29 02:46:48 ip-172-31-60-73 kernel: [    0.034743] smpboot: Allowing 15 CPUs, 14 hotplug CPUs
Jul 29 02:46:48 ip-172-31-60-73 kernel: [    0.034751] PM: Registered nosave memory: [mem 0x00000000-0x00000fff]
Jul 29 02:46:48 ip-172-31-60-73 kernel: [    0.034753] PM: Registered nosave memory: [mem 0x0009e000-0x0009ffff]
Jul 29 02:46:48 ip-172-31-60-73 kernel: [    0.034754] PM: Registered nosave memory: [mem 0x000a0000-0x000dffff]
Jul 29 02:46:48 ip-172-31-60-73 kernel: [    0.034754] PM: Registered nosave memory: [mem 0x000e0000-0x000fffff]
Jul 29 02:46:48 ip-172-31-60-73 kernel: [    0.034756] [mem 0x80000000-0xfbffffff] available for PCI devices
Jul 29 02:46:48 ip-172-31-60-73 kernel: [    0.034757] Booting paravirtualized kernel on Xen HVM
Jul 29 02:46:48 ip-172-31-60-73 kernel: [    0.034760] clocksource: refined-jiffies: mask: 0xffffffff max_cycles: 0xffffffff, max_idle_ns: 7645519600211568 ns
Jul 29 02:46:48 ip-172-31-60-73 kernel: [    0.034765] setup_percpu: NR_CPUS:8192 nr_cpumask_bits:15 nr_cpu_ids:15 nr_node_ids:1
Jul 29 02:46:48 ip-172-31-60-73 kernel: [    0.035532] percpu: Embedded 54 pages/cpu s184320 r8192 d28672 u262144
Jul 29 02:46:48 ip-172-31-60-73 kernel: [    0.035537] pcpu-alloc: s184320 r8192 d28672 u262144 alloc=1*2097152
Jul 29 02:46:48 ip-172-31-60-73 kernel: [    0.035538] pcpu-alloc: [0] 00 01 02 03 04 05 06 07 [0] 08 09 10 11 12 13 14 -- 
Jul 29 02:46:48 ip-172-31-60-73 kernel: [    0.035563] xen: PV spinlocks enabled
Jul 29 02:46:48 ip-172-31-60-73 kernel: [    0.035566] PV qspinlock hash table entries: 256 (order: 0, 4096 bytes, linear)
Jul 29 02:46:48 ip-172-31-60-73 kernel: [    0.035571] Built 1 zonelists, mobility grouping on.  Total pages: 515976
Jul 29 02:46:48 ip-172-31-60-73 kernel: [    0.035572] Policy zone: DMA32
Jul 29 02:46:48 ip-172-31-60-73 kernel: [    0.035574] Kernel command line: BOOT_IMAGE=/boot/vmlinuz-5.3.0-1030-aws root=UUID=2ce321d3-087f-4a58-8f97-ed6135e77fee ro console=tty1 console=ttyS0 nvme_core.io_timeout=4294967295
Jul 29 02:46:48 ip-172-31-60-73 kernel: [    0.035927] Dentry cache hash table entries: 262144 (order: 9, 2097152 bytes, linear)
Jul 29 02:46:48 ip-172-31-60-73 kernel: [    0.036076] Inode-cache hash table entries: 131072 (order: 8, 1048576 bytes, linear)
Jul 29 02:46:48 ip-172-31-60-73 kernel: [    0.036206] mem auto-init: stack:off, heap alloc:on, heap free:off
Jul 29 02:46:48 ip-172-31-60-73 kernel: [    0.036209] Calgary: detecting Calgary via BIOS EBDA area
Jul 29 02:46:48 ip-172-31-60-73 kernel: [    0.036210] Calgary: Unable to locate Rio Grande table in EBDA - bailing!
Jul 29 02:46:48 ip-172-31-60-73 kernel: [    0.041453] Memory: 2004024K/2096756K available (14339K kernel code, 2307K rwdata, 4404K rodata, 2632K init, 5168K bss, 92732K reserved, 0K cma-reserved)
Jul 29 02:46:48 ip-172-31-60-73 kernel: [    0.041461] random: get_random_u64 called from __kmem_cache_create+0x41/0x550 with crng_init=0
Jul 29 02:46:48 ip-172-31-60-73 kernel: [    0.041625] SLUB: HWalign=64, Order=0-3, MinObjects=0, CPUs=15, Nodes=1
Jul 29 02:46:48 ip-172-31-60-73 kernel: [    0.041639] Kernel/User page tables isolation: enabled
Jul 29 02:46:48 ip-172-31-60-73 kernel: [    0.041656] ftrace: allocating 42207 entries in 165 pages
Jul 29 02:46:48 ip-172-31-60-73 kernel: [    0.056960] rcu: Hierarchical RCU implementation.
Jul 29 02:46:48 ip-172-31-60-73 kernel: [    0.056962] rcu: 	RCU restricting CPUs from NR_CPUS=8192 to nr_cpu_ids=15.
Jul 29 02:46:48 ip-172-31-60-73 kernel: [    0.056964] 	Tasks RCU enabled.
Jul 29 02:46:48 ip-172-31-60-73 kernel: [    0.056965] rcu: RCU calculated value of scheduler-enlistment delay is 25 jiffies.
Jul 29 02:46:48 ip-172-31-60-73 kernel: [    0.056966] rcu: Adjusting geometry for rcu_fanout_leaf=16, nr_cpu_ids=15
Jul 29 02:46:48 ip-172-31-60-73 kernel: [    0.059839] NR_IRQS: 524544, nr_irqs: 952, preallocated irqs: 16
Jul 29 02:46:48 ip-172-31-60-73 kernel: [    0.059873] xen:events: Using 2-level ABI
Jul 29 02:46:48 ip-172-31-60-73 kernel: [    0.059920] xen:events: Xen HVM callback vector for event delivery is enabled
Jul 29 02:46:48 ip-172-31-60-73 kernel: [    0.060113] random: crng done (trusting CPU's manufacturer)
Jul 29 02:46:48 ip-172-31-60-73 kernel: [    0.073049] Console: colour VGA+ 80x25
Jul 29 02:46:48 ip-172-31-60-73 kernel: [    0.204779] printk: console [tty1] enabled
Jul 29 02:46:48 ip-172-31-60-73 kernel: [    0.205819] Cannot get hvm parameter CONSOLE_EVTCHN (18): -22!
Jul 29 02:46:48 ip-172-31-60-73 kernel: [    0.601665] printk: console [ttyS0] enabled
Jul 29 02:46:48 ip-172-31-60-73 kernel: [    0.607042] ACPI: Core revision 20190703
Jul 29 02:46:48 ip-172-31-60-73 kernel: [    0.612734] clocksource: hpet: mask: 0xffffffff max_cycles: 0xffffffff, max_idle_ns: 30580167144 ns
Jul 29 02:46:48 ip-172-31-60-73 kernel: [    0.624045] APIC: Switch to symmetric I/O mode setup
Jul 29 02:46:48 ip-172-31-60-73 kernel: [    0.631279] x2apic: IRQ remapping doesn't support X2APIC mode
Jul 29 02:46:48 ip-172-31-60-73 kernel: [    0.639128] Switched APIC routing to physical flat.
Jul 29 02:46:48 ip-172-31-60-73 kernel: [    0.650476] ..TIMER: vector=0x30 apic1=0 pin1=2 apic2=0 pin2=0
Jul 29 02:46:48 ip-172-31-60-73 kernel: [    0.657432] clocksource: tsc-early: mask: 0xffffffffffffffff max_cycles: 0x2283f154c3c, max_idle_ns: 440795209768 ns
Jul 29 02:46:48 ip-172-31-60-73 kernel: [    0.670999] Calibrating delay loop (skipped), value calculated using timer frequency.. 4789.01 BogoMIPS (lpj=9578024)
Jul 29 02:46:48 ip-172-31-60-73 kernel: [    0.683000] pid_max: default: 32768 minimum: 301
Jul 29 02:46:48 ip-172-31-60-73 kernel: [    0.699049] LSM: Security Framework initializing
Jul 29 02:46:48 ip-172-31-60-73 kernel: [    0.707014] Yama: becoming mindful.
Jul 29 02:46:48 ip-172-31-60-73 kernel: [    0.711077] AppArmor: AppArmor initialized
Jul 29 02:46:48 ip-172-31-60-73 kernel: [    0.719053] Mount-cache hash table entries: 4096 (order: 3, 32768 bytes, linear)
Jul 29 02:46:48 ip-172-31-60-73 kernel: [    0.727005] Mountpoint-cache hash table entries: 4096 (order: 3, 32768 bytes, linear)
Jul 29 02:46:48 ip-172-31-60-73 kernel: [    0.735199] *** VALIDATE proc ***
Jul 29 02:46:48 ip-172-31-60-73 kernel: [    0.739060] *** VALIDATE cgroup1 ***
Jul 29 02:46:48 ip-172-31-60-73 kernel: [    0.742998] *** VALIDATE cgroup2 ***
Jul 29 02:46:48 ip-172-31-60-73 kernel: [    0.747116] Last level iTLB entries: 4KB 1024, 2MB 1024, 4MB 1024
Jul 29 02:46:48 ip-172-31-60-73 kernel: [    0.750998] Last level dTLB entries: 4KB 1024, 2MB 1024, 4MB 1024, 1GB 4
Jul 29 02:46:48 ip-172-31-60-73 kernel: [    0.759003] Spectre V1 : Mitigation: usercopy/swapgs barriers and __user pointer sanitization
Jul 29 02:46:48 ip-172-31-60-73 kernel: [    0.763000] Spectre V2 : Mitigation: Full generic retpoline
Jul 29 02:46:48 ip-172-31-60-73 kernel: [    0.766999] Spectre V2 : Spectre v2 / SpectreRSB mitigation: Filling RSB on context switch
Jul 29 02:46:48 ip-172-31-60-73 kernel: [    0.774999] Speculative Store Bypass: Vulnerable
Jul 29 02:46:48 ip-172-31-60-73 kernel: [    0.778345] MDS: Vulnerable: Clear CPU buffers attempted, no microcode
Jul 29 02:46:48 ip-172-31-60-73 kernel: [    0.789599] clocksource: xen: mask: 0xffffffffffffffff max_cycles: 0x1cd42e4dffb, max_idle_ns: 881590591483 ns
Jul 29 02:46:48 ip-172-31-60-73 kernel: [    0.795007] Xen: using vcpuop timer interface
Jul 29 02:46:48 ip-172-31-60-73 kernel: [    0.795014] installing Xen timer for CPU 0
Jul 29 02:46:48 ip-172-31-60-73 kernel: [    0.799087] smpboot: CPU0: Intel(R) Xeon(R) CPU E5-2676 v3 @ 2.40GHz (family: 0x6, model: 0x3f, stepping: 0x2)
Jul 29 02:46:48 ip-172-31-60-73 kernel: [    0.803035] cpu 0 spinlock event irq 53
Jul 29 02:46:48 ip-172-31-60-73 kernel: [    0.807155] Performance Events: unsupported p6 CPU model 63 no PMU driver, software events only.
Jul 29 02:46:48 ip-172-31-60-73 kernel: [    0.811063] rcu: Hierarchical SRCU implementation.
Jul 29 02:46:48 ip-172-31-60-73 kernel: [    0.815665] NMI watchdog: Perf NMI watchdog permanently disabled
Jul 29 02:46:48 ip-172-31-60-73 kernel: [    0.819196] smp: Bringing up secondary CPUs ...
Jul 29 02:46:48 ip-172-31-60-73 kernel: [    0.823005] smp: Brought up 1 node, 1 CPU
Jul 29 02:46:48 ip-172-31-60-73 kernel: [    0.827005] smpboot: Max logical packages: 15
Jul 29 02:46:48 ip-172-31-60-73 kernel: [    0.831004] smpboot: Total of 1 processors activated (4789.01 BogoMIPS)
Jul 29 02:46:48 ip-172-31-60-73 kernel: [    0.835273] devtmpfs: initialized
Jul 29 02:46:48 ip-172-31-60-73 kernel: [    0.839054] x86/mm: Memory block size: 128MB
Jul 29 02:46:48 ip-172-31-60-73 kernel: [    0.843363] clocksource: jiffies: mask: 0xffffffff max_cycles: 0xffffffff, max_idle_ns: 7645041785100000 ns
Jul 29 02:46:48 ip-172-31-60-73 kernel: [    0.847060] futex hash table entries: 4096 (order: 6, 262144 bytes, linear)
Jul 29 02:46:48 ip-172-31-60-73 kernel: [    0.851110] pinctrl core: initialized pinctrl subsystem
Jul 29 02:46:48 ip-172-31-60-73 kernel: [    0.855121] PM: RTC time: 02:46:36, date: 2020-07-29
Jul 29 02:46:48 ip-172-31-60-73 kernel: [    0.859153] NET: Registered protocol family 16
Jul 29 02:46:48 ip-172-31-60-73 kernel: [    0.862716] audit: initializing netlink subsys (disabled)
Jul 29 02:46:48 ip-172-31-60-73 kernel: [    0.863148] audit: type=2000 audit(1595990796.571:1): state=initialized audit_enabled=0 res=1
Jul 29 02:46:48 ip-172-31-60-73 kernel: [    0.867073] EISA bus registered
Jul 29 02:46:48 ip-172-31-60-73 kernel: [    0.871005] cpuidle: using governor ladder
Jul 29 02:46:48 ip-172-31-60-73 kernel: [    0.875003] cpuidle: using governor menu
Jul 29 02:46:48 ip-172-31-60-73 kernel: [    0.878882] ACPI: bus type PCI registered
Jul 29 02:46:48 ip-172-31-60-73 kernel: [    0.879003] acpiphp: ACPI Hot Plug PCI Controller Driver version: 0.5
Jul 29 02:46:48 ip-172-31-60-73 kernel: [    0.883494] PCI: Using configuration type 1 for base access
Jul 29 02:46:48 ip-172-31-60-73 kernel: [    0.888378] HugeTLB registered 2.00 MiB page size, pre-allocated 0 pages
Jul 29 02:46:48 ip-172-31-60-73 kernel: [    0.892726] ACPI: Added _OSI(Module Device)
Jul 29 02:46:48 ip-172-31-60-73 kernel: [    0.895004] ACPI: Added _OSI(Processor Device)
Jul 29 02:46:48 ip-172-31-60-73 kernel: [    0.899001] ACPI: Added _OSI(3.0 _SCP Extensions)
Jul 29 02:46:48 ip-172-31-60-73 kernel: [    0.903005] ACPI: Added _OSI(Processor Aggregator Device)
Jul 29 02:46:48 ip-172-31-60-73 kernel: [    0.907034] ACPI: Added _OSI(Linux-Dell-Video)
Jul 29 02:46:48 ip-172-31-60-73 kernel: [    0.911195] ACPI: Added _OSI(Linux-Lenovo-NV-HDMI-Audio)
Jul 29 02:46:48 ip-172-31-60-73 kernel: [    0.915016] ACPI: Added _OSI(Linux-HPI-Hybrid-Graphics)
Jul 29 02:46:48 ip-172-31-60-73 kernel: [    0.923172] ACPI: 3 ACPI AML tables successfully acquired and loaded
Jul 29 02:46:48 ip-172-31-60-73 kernel: [    0.927645] xen: --> pirq=16 -> irq=9 (gsi=9)
Jul 29 02:46:48 ip-172-31-60-73 kernel: [    0.928428] ACPI: Interpreter enabled
Jul 29 02:46:48 ip-172-31-60-73 kernel: [    0.931017] ACPI: (supports S0 S4 S5)
Jul 29 02:46:48 ip-172-31-60-73 kernel: [    0.935004] ACPI: Using IOAPIC for interrupt routing
Jul 29 02:46:48 ip-172-31-60-73 kernel: [    0.939047] PCI: Using host bridge windows from ACPI; if necessary, use "pci=nocrs" and report a bug
Jul 29 02:46:48 ip-172-31-60-73 kernel: [    0.943364] ACPI: Enabled 2 GPEs in block 00 to 0F
Jul 29 02:46:48 ip-172-31-60-73 kernel: [    0.987882] ACPI: PCI Root Bridge [PCI0] (domain 0000 [bus 00-ff])
Jul 29 02:46:48 ip-172-31-60-73 kernel: [    0.991010] acpi PNP0A03:00: _OSC: OS supports [ASPM ClockPM Segments MSI HPX-Type3]
Jul 29 02:46:48 ip-172-31-60-73 kernel: [    0.995025] acpi PNP0A03:00: fail to add MMCONFIG information, can't access extended PCI configuration space under this bridge.
Jul 29 02:46:48 ip-172-31-60-73 kernel: [    1.000047] acpiphp: Slot [0] registered
Jul 29 02:46:48 ip-172-31-60-73 kernel: [    1.003978] acpiphp: Slot [3] registered
Jul 29 02:46:48 ip-172-31-60-73 kernel: [    1.007354] acpiphp: Slot [4] registered
Jul 29 02:46:48 ip-172-31-60-73 kernel: [    1.011335] acpiphp: Slot [5] registered
Jul 29 02:46:48 ip-172-31-60-73 kernel: [    1.014909] acpiphp: Slot [6] registered
Jul 29 02:46:48 ip-172-31-60-73 kernel: [    1.015329] acpiphp: Slot [7] registered
Jul 29 02:46:48 ip-172-31-60-73 kernel: [    1.019195] acpiphp: Slot [8] registered
Jul 29 02:46:48 ip-172-31-60-73 kernel: [    1.022996] acpiphp: Slot [9] registered
Jul 29 02:46:48 ip-172-31-60-73 kernel: [    1.023363] acpiphp: Slot [10] registered
Jul 29 02:46:48 ip-172-31-60-73 kernel: [    1.027016] acpiphp: Slot [11] registered
Jul 29 02:46:48 ip-172-31-60-73 kernel: [    1.031325] acpiphp: Slot [12] registered
Jul 29 02:46:48 ip-172-31-60-73 kernel: [    1.034853] acpiphp: Slot [13] registered
Jul 29 02:46:48 ip-172-31-60-73 kernel: [    1.035334] acpiphp: Slot [14] registered
Jul 29 02:46:48 ip-172-31-60-73 kernel: [    1.039096] acpiphp: Slot [15] registered
Jul 29 02:46:48 ip-172-31-60-73 kernel: [    1.043572] acpiphp: Slot [16] registered
Jul 29 02:46:48 ip-172-31-60-73 kernel: [    1.047591] acpiphp: Slot [17] registered
Jul 29 02:46:48 ip-172-31-60-73 kernel: [    1.051526] acpiphp: Slot [18] registered
Jul 29 02:46:48 ip-172-31-60-73 kernel: [    1.055375] acpiphp: Slot [19] registered
Jul 29 02:46:48 ip-172-31-60-73 kernel: [    1.059334] acpiphp: Slot [20] registered
Jul 29 02:46:48 ip-172-31-60-73 kernel: [    1.063343] acpiphp: Slot [21] registered
Jul 29 02:46:48 ip-172-31-60-73 kernel: [    1.067551] acpiphp: Slot [22] registered
Jul 29 02:46:48 ip-172-31-60-73 kernel: [    1.071987] acpiphp: Slot [23] registered
Jul 29 02:46:48 ip-172-31-60-73 kernel: [    1.075539] acpiphp: Slot [24] registered
Jul 29 02:46:48 ip-172-31-60-73 kernel: [    1.079501] acpiphp: Slot [25] registered
Jul 29 02:46:48 ip-172-31-60-73 kernel: [    1.083433] acpiphp: Slot [26] registered
Jul 29 02:46:48 ip-172-31-60-73 kernel: [    1.087350] acpiphp: Slot [27] registered
Jul 29 02:46:48 ip-172-31-60-73 kernel: [    1.091259] acpiphp: Slot [28] registered
Jul 29 02:46:48 ip-172-31-60-73 kernel: [    1.095343] acpiphp: Slot [29] registered
Jul 29 02:46:48 ip-172-31-60-73 kernel: [    1.099374] acpiphp: Slot [30] registered
Jul 29 02:46:48 ip-172-31-60-73 kernel: [    1.102851] acpiphp: Slot [31] registered
Jul 29 02:46:48 ip-172-31-60-73 kernel: [    1.103384] PCI host bridge to bus 0000:00
Jul 29 02:46:48 ip-172-31-60-73 kernel: [    1.106802] pci_bus 0000:00: root bus resource [io  0x0000-0x0cf7 window]
Jul 29 02:46:48 ip-172-31-60-73 kernel: [    1.107007] pci_bus 0000:00: root bus resource [io  0x0d00-0xffff window]
Jul 29 02:46:48 ip-172-31-60-73 kernel: [    1.111005] pci_bus 0000:00: root bus resource [mem 0x000a0000-0x000bffff window]
Jul 29 02:46:48 ip-172-31-60-73 kernel: [    1.115007] pci_bus 0000:00: root bus resource [mem 0xf0000000-0xfbffffff window]
Jul 29 02:46:48 ip-172-31-60-73 kernel: [    1.119005] pci_bus 0000:00: root bus resource [bus 00-ff]
Jul 29 02:46:48 ip-172-31-60-73 kernel: [    1.123194] pci 0000:00:00.0: [8086:1237] type 00 class 0x060000
Jul 29 02:46:48 ip-172-31-60-73 kernel: [    1.129487] pci 0000:00:01.0: [8086:7000] type 00 class 0x060100
Jul 29 02:46:48 ip-172-31-60-73 kernel: [    1.133912] pci 0000:00:01.1: [8086:7010] type 00 class 0x010180
Jul 29 02:46:48 ip-172-31-60-73 kernel: [    1.136640] pci 0000:00:01.1: reg 0x20: [io  0xc100-0xc10f]
Jul 29 02:46:48 ip-172-31-60-73 kernel: [    1.140252] pci 0000:00:01.1: legacy IDE quirk: reg 0x10: [io  0x01f0-0x01f7]
Jul 29 02:46:48 ip-172-31-60-73 kernel: [    1.143004] pci 0000:00:01.1: legacy IDE quirk: reg 0x14: [io  0x03f6]
Jul 29 02:46:48 ip-172-31-60-73 kernel: [    1.147001] pci 0000:00:01.1: legacy IDE quirk: reg 0x18: [io  0x0170-0x0177]
Jul 29 02:46:48 ip-172-31-60-73 kernel: [    1.151002] pci 0000:00:01.1: legacy IDE quirk: reg 0x1c: [io  0x0376]
Jul 29 02:46:48 ip-172-31-60-73 kernel: [    1.156200] pci 0000:00:01.3: [8086:7113] type 00 class 0x068000
Jul 29 02:46:48 ip-172-31-60-73 kernel: [    1.159053] * Found PM-Timer Bug on the chipset. Due to workarounds for a bug,
Jul 29 02:46:48 ip-172-31-60-73 kernel: [    1.159053] * this clock source is slow. Consider trying other clock sources
Jul 29 02:46:48 ip-172-31-60-73 kernel: [    1.164648] pci 0000:00:01.3: quirk: [io  0xb000-0xb03f] claimed by PIIX4 ACPI
Jul 29 02:46:48 ip-172-31-60-73 kernel: [    1.168914] pci 0000:00:02.0: [1013:00b8] type 00 class 0x030000
Jul 29 02:46:48 ip-172-31-60-73 kernel: [    1.171874] pci 0000:00:02.0: reg 0x10: [mem 0xf0000000-0xf1ffffff pref]
Jul 29 02:46:48 ip-172-31-60-73 kernel: [    1.175475] pci 0000:00:02.0: reg 0x14: [mem 0xf3000000-0xf3000fff]
Jul 29 02:46:48 ip-172-31-60-73 kernel: [    1.182700] pci 0000:00:03.0: [5853:0001] type 00 class 0xff8000
Jul 29 02:46:48 ip-172-31-60-73 kernel: [    1.183937] pci 0000:00:03.0: reg 0x10: [io  0xc000-0xc0ff]
Jul 29 02:46:48 ip-172-31-60-73 kernel: [    1.187459] pci 0000:00:03.0: reg 0x14: [mem 0xf2000000-0xf2ffffff pref]
Jul 29 02:46:48 ip-172-31-60-73 kernel: [    1.200471] ACPI: PCI Interrupt Link [LNKA] (IRQs *5 10 11)
Jul 29 02:46:48 ip-172-31-60-73 kernel: [    1.203426] ACPI: PCI Interrupt Link [LNKB] (IRQs 5 *10 11)
Jul 29 02:46:48 ip-172-31-60-73 kernel: [    1.207339] ACPI: PCI Interrupt Link [LNKC] (IRQs 5 10 *11)
Jul 29 02:46:48 ip-172-31-60-73 kernel: [    1.211320] ACPI: PCI Interrupt Link [LNKD] (IRQs *5 10 11)
Jul 29 02:46:48 ip-172-31-60-73 kernel: [    1.240858] xen:balloon: Initialising balloon driver
Jul 29 02:46:48 ip-172-31-60-73 kernel: [    1.247219] SCSI subsystem initialized
Jul 29 02:46:48 ip-172-31-60-73 kernel: [    1.251069] libata version 3.00 loaded.
Jul 29 02:46:48 ip-172-31-60-73 kernel: [    1.251153] pci 0000:00:02.0: vgaarb: setting as boot VGA device
Jul 29 02:46:48 ip-172-31-60-73 kernel: [    1.254996] pci 0000:00:02.0: vgaarb: VGA device added: decodes=io+mem,owns=io+mem,locks=none
Jul 29 02:46:48 ip-172-31-60-73 kernel: [    1.255010] pci 0000:00:02.0: vgaarb: bridge control possible
Jul 29 02:46:48 ip-172-31-60-73 kernel: [    1.259004] vgaarb: loaded
Jul 29 02:46:48 ip-172-31-60-73 kernel: [    1.262835] ACPI: bus type USB registered
Jul 29 02:46:48 ip-172-31-60-73 kernel: [    1.263027] usbcore: registered new interface driver usbfs
Jul 29 02:46:48 ip-172-31-60-73 kernel: [    1.267015] usbcore: registered new interface driver hub
Jul 29 02:46:48 ip-172-31-60-73 kernel: [    1.271033] usbcore: registered new device driver usb
Jul 29 02:46:48 ip-172-31-60-73 kernel: [    1.275036] pps_core: LinuxPPS API ver. 1 registered
Jul 29 02:46:48 ip-172-31-60-73 kernel: [    1.279003] pps_core: Software ver. 5.3.6 - Copyright 2005-2007 Rodolfo Giometti <giometti@linux.it>
Jul 29 02:46:48 ip-172-31-60-73 kernel: [    1.283010] PTP clock support registered
Jul 29 02:46:48 ip-172-31-60-73 kernel: [    1.286272] EDAC MC: Ver: 3.0.0
Jul 29 02:46:48 ip-172-31-60-73 kernel: [    1.287602] PCI: Using ACPI for IRQ routing
Jul 29 02:46:48 ip-172-31-60-73 kernel: [    1.290798] PCI: pci_cache_line_size set to 64 bytes
Jul 29 02:46:48 ip-172-31-60-73 kernel: [    1.291422] e820: reserve RAM buffer [mem 0x0009e000-0x0009ffff]
Jul 29 02:46:48 ip-172-31-60-73 kernel: [    1.291539] NetLabel: Initializing
Jul 29 02:46:48 ip-172-31-60-73 kernel: [    1.294340] NetLabel:  domain hash size = 128
Jul 29 02:46:48 ip-172-31-60-73 kernel: [    1.295002] NetLabel:  protocols = UNLABELED CIPSOv4 CALIPSO
Jul 29 02:46:48 ip-172-31-60-73 kernel: [    1.299019] NetLabel:  unlabeled traffic allowed by default
Jul 29 02:46:48 ip-172-31-60-73 kernel: [    1.303118] hpet: 3 channels of 0 reserved for per-cpu timers
Jul 29 02:46:48 ip-172-31-60-73 kernel: [    1.307008] hpet0: at MMIO 0xfed00000, IRQs 2, 8, 0
Jul 29 02:46:48 ip-172-31-60-73 kernel: [    1.311003] hpet0: 3 comparators, 64-bit 62.500000 MHz counter
Jul 29 02:46:48 ip-172-31-60-73 kernel: [    1.318076] clocksource: Switched to clocksource xen
Jul 29 02:46:48 ip-172-31-60-73 kernel: [    1.332533] VFS: Disk quotas dquot_6.6.0
Jul 29 02:46:48 ip-172-31-60-73 kernel: [    1.337549] VFS: Dquot-cache hash table entries: 512 (order 0, 4096 bytes)
Jul 29 02:46:48 ip-172-31-60-73 kernel: [    1.345185] *** VALIDATE hugetlbfs ***
Jul 29 02:46:48 ip-172-31-60-73 kernel: [    1.350023] AppArmor: AppArmor Filesystem Enabled
Jul 29 02:46:48 ip-172-31-60-73 kernel: [    1.355372] pnp: PnP ACPI init
Jul 29 02:46:48 ip-172-31-60-73 kernel: [    1.359109] system 00:00: [mem 0x00000000-0x0009ffff] could not be reserved
Jul 29 02:46:48 ip-172-31-60-73 kernel: [    1.366242] system 00:00: Plug and Play ACPI device, IDs PNP0c02 (active)
Jul 29 02:46:48 ip-172-31-60-73 kernel: [    1.366331] system 00:01: [io  0x08a0-0x08a3] has been reserved
Jul 29 02:46:48 ip-172-31-60-73 kernel: [    1.372223] system 00:01: [io  0x0cc0-0x0ccf] has been reserved
Jul 29 02:46:48 ip-172-31-60-73 kernel: [    1.378614] system 00:01: [io  0x04d0-0x04d1] has been reserved
Jul 29 02:46:48 ip-172-31-60-73 kernel: [    1.384533] system 00:01: Plug and Play ACPI device, IDs PNP0c02 (active)
Jul 29 02:46:48 ip-172-31-60-73 kernel: [    1.384564] xen: --> pirq=17 -> irq=8 (gsi=8)
Jul 29 02:46:48 ip-172-31-60-73 kernel: [    1.384586] pnp 00:02: Plug and Play ACPI device, IDs PNP0b00 (active)
Jul 29 02:46:48 ip-172-31-60-73 kernel: [    1.384611] xen: --> pirq=18 -> irq=12 (gsi=12)
Jul 29 02:46:48 ip-172-31-60-73 kernel: [    1.384622] pnp 00:03: Plug and Play ACPI device, IDs PNP0f13 (active)
Jul 29 02:46:48 ip-172-31-60-73 kernel: [    1.384642] xen: --> pirq=19 -> irq=1 (gsi=1)
Jul 29 02:46:48 ip-172-31-60-73 kernel: [    1.384654] pnp 00:04: Plug and Play ACPI device, IDs PNP0303 PNP030b (active)
Jul 29 02:46:48 ip-172-31-60-73 kernel: [    1.384671] xen: --> pirq=20 -> irq=6 (gsi=6)
Jul 29 02:46:48 ip-172-31-60-73 kernel: [    1.384673] pnp 00:05: [dma 2]
Jul 29 02:46:48 ip-172-31-60-73 kernel: [    1.384683] pnp 00:05: Plug and Play ACPI device, IDs PNP0700 (active)
Jul 29 02:46:48 ip-172-31-60-73 kernel: [    1.384707] xen: --> pirq=21 -> irq=4 (gsi=4)
Jul 29 02:46:48 ip-172-31-60-73 kernel: [    1.384719] pnp 00:06: Plug and Play ACPI device, IDs PNP0501 (active)
Jul 29 02:46:48 ip-172-31-60-73 kernel: [    1.384758] system 00:07: [io  0x10c0-0x1141] has been reserved
Jul 29 02:46:48 ip-172-31-60-73 kernel: [    1.391048] system 00:07: [io  0xb044-0xb047] has been reserved
Jul 29 02:46:48 ip-172-31-60-73 kernel: [    1.397264] system 00:07: Plug and Play ACPI device, IDs PNP0c02 (active)
Jul 29 02:46:48 ip-172-31-60-73 kernel: [    1.422656] pnp: PnP ACPI: found 8 devices
Jul 29 02:46:48 ip-172-31-60-73 kernel: [    1.428129] thermal_sys: Registered thermal governor 'fair_share'
Jul 29 02:46:48 ip-172-31-60-73 kernel: [    1.428130] thermal_sys: Registered thermal governor 'bang_bang'
Jul 29 02:46:48 ip-172-31-60-73 kernel: [    1.434631] thermal_sys: Registered thermal governor 'step_wise'
Jul 29 02:46:48 ip-172-31-60-73 kernel: [    1.441142] thermal_sys: Registered thermal governor 'user_space'
Jul 29 02:46:48 ip-172-31-60-73 kernel: [    1.447158] thermal_sys: Registered thermal governor 'power_allocator'
Jul 29 02:46:48 ip-172-31-60-73 kernel: [    1.457789] clocksource: acpi_pm: mask: 0xffffff max_cycles: 0xffffff, max_idle_ns: 2085701024 ns
Jul 29 02:46:48 ip-172-31-60-73 kernel: [    1.473671] pci_bus 0000:00: resource 4 [io  0x0000-0x0cf7 window]
Jul 29 02:46:48 ip-172-31-60-73 kernel: [    1.480109] pci_bus 0000:00: resource 5 [io  0x0d00-0xffff window]
Jul 29 02:46:48 ip-172-31-60-73 kernel: [    1.486460] pci_bus 0000:00: resource 6 [mem 0x000a0000-0x000bffff window]
Jul 29 02:46:48 ip-172-31-60-73 kernel: [    1.493748] pci_bus 0000:00: resource 7 [mem 0xf0000000-0xfbffffff window]
Jul 29 02:46:48 ip-172-31-60-73 kernel: [    1.500958] NET: Registered protocol family 2
Jul 29 02:46:48 ip-172-31-60-73 kernel: [    1.506190] tcp_listen_portaddr_hash hash table entries: 1024 (order: 2, 16384 bytes, linear)
Jul 29 02:46:48 ip-172-31-60-73 kernel: [    1.515164] TCP established hash table entries: 16384 (order: 5, 131072 bytes, linear)
Jul 29 02:46:48 ip-172-31-60-73 kernel: [    1.523231] TCP bind hash table entries: 16384 (order: 6, 262144 bytes, linear)
Jul 29 02:46:48 ip-172-31-60-73 kernel: [    1.530996] TCP: Hash tables configured (established 16384 bind 16384)
Jul 29 02:46:48 ip-172-31-60-73 kernel: [    1.537806] UDP hash table entries: 1024 (order: 3, 32768 bytes, linear)
Jul 29 02:46:48 ip-172-31-60-73 kernel: [    1.545152] UDP-Lite hash table entries: 1024 (order: 3, 32768 bytes, linear)
Jul 29 02:46:48 ip-172-31-60-73 kernel: [    1.552329] NET: Registered protocol family 1
Jul 29 02:46:48 ip-172-31-60-73 kernel: [    1.557248] NET: Registered protocol family 44
Jul 29 02:46:48 ip-172-31-60-73 kernel: [    1.562277] pci 0000:00:01.0: PIIX3: Enabling Passive Release
Jul 29 02:46:48 ip-172-31-60-73 kernel: [    1.568646] pci 0000:00:00.0: Limiting direct PCI/PCI transfers
Jul 29 02:46:48 ip-172-31-60-73 kernel: [    1.575194] pci 0000:00:01.0: Activating ISA DMA hang workarounds
Jul 29 02:46:48 ip-172-31-60-73 kernel: [    1.582158] pci 0000:00:02.0: Video device with shadowed ROM at [mem 0x000c0000-0x000dffff]
Jul 29 02:46:48 ip-172-31-60-73 kernel: [    1.591506] PCI: CLS 0 bytes, default 64
Jul 29 02:46:48 ip-172-31-60-73 kernel: [    1.596516] Trying to unpack rootfs image as initramfs...
Jul 29 02:46:48 ip-172-31-60-73 kernel: [    1.893883] Freeing initrd memory: 20320K
Jul 29 02:46:48 ip-172-31-60-73 kernel: [    1.897767] check: Scanning for low memory corruption every 60 seconds
Jul 29 02:46:48 ip-172-31-60-73 kernel: [    1.904162] Initialise system trusted keyrings
Jul 29 02:46:48 ip-172-31-60-73 kernel: [    1.908122] Key type blacklist registered
Jul 29 02:46:48 ip-172-31-60-73 kernel: [    1.911348] workingset: timestamp_bits=36 max_order=19 bucket_order=0
Jul 29 02:46:48 ip-172-31-60-73 kernel: [    1.917474] zbud: loaded
Jul 29 02:46:48 ip-172-31-60-73 kernel: [    1.920277] squashfs: version 4.0 (2009/01/31) Phillip Lougher
Jul 29 02:46:48 ip-172-31-60-73 kernel: [    1.925090] fuse: init (API version 7.31)
Jul 29 02:46:48 ip-172-31-60-73 kernel: [    1.928541] Platform Keyring initialized
Jul 29 02:46:48 ip-172-31-60-73 kernel: [    1.936337] Key type asymmetric registered
Jul 29 02:46:48 ip-172-31-60-73 kernel: [    1.939620] Asymmetric key parser 'x509' registered
Jul 29 02:46:48 ip-172-31-60-73 kernel: [    1.943364] Block layer SCSI generic (bsg) driver version 0.4 loaded (major 244)
Jul 29 02:46:48 ip-172-31-60-73 kernel: [    1.949262] io scheduler mq-deadline registered
Jul 29 02:46:48 ip-172-31-60-73 kernel: [    1.953020] shpchp: Standard Hot Plug PCI Controller Driver version: 0.4
Jul 29 02:46:48 ip-172-31-60-73 kernel: [    1.958007] intel_idle: Please enable MWAIT in BIOS SETUP
Jul 29 02:46:48 ip-172-31-60-73 kernel: [    1.958101] input: Power Button as /devices/LNXSYSTM:00/LNXPWRBN:00/input/input0
Jul 29 02:46:48 ip-172-31-60-73 kernel: [    1.964315] ACPI: Power Button [PWRF]
Jul 29 02:46:48 ip-172-31-60-73 kernel: [    1.967455] input: Sleep Button as /devices/LNXSYSTM:00/LNXSLPBN:00/input/input1
Jul 29 02:46:48 ip-172-31-60-73 kernel: [    1.973263] ACPI: Sleep Button [SLPF]
Jul 29 02:46:48 ip-172-31-60-73 kernel: [    1.977933] xen: --> pirq=22 -> irq=28 (gsi=28)
Jul 29 02:46:48 ip-172-31-60-73 kernel: [    1.978082] xen:grant_table: Grant tables using version 1 layout
Jul 29 02:46:48 ip-172-31-60-73 kernel: [    1.982639] Grant table initialized
Jul 29 02:46:48 ip-172-31-60-73 kernel: [    1.985907] Cannot get hvm parameter CONSOLE_EVTCHN (18): -22!
Jul 29 02:46:48 ip-172-31-60-73 kernel: [    1.990097] Serial: 8250/16550 driver, 4 ports, IRQ sharing enabled
Jul 29 02:46:48 ip-172-31-60-73 kernel: [    2.024247] 00:06: ttyS0 at I/O 0x3f8 (irq = 4, base_baud = 115200) is a 16550A
Jul 29 02:46:48 ip-172-31-60-73 kernel: [    2.031521] Linux agpgart interface v0.103
Jul 29 02:46:48 ip-172-31-60-73 kernel: [    2.037364] loop: module loaded
Jul 29 02:46:48 ip-172-31-60-73 kernel: [    2.040365] Invalid max_queues (4), will use default max: 1.
Jul 29 02:46:48 ip-172-31-60-73 kernel: [    2.046184] ata_piix 0000:00:01.1: version 2.13
Jul 29 02:46:48 ip-172-31-60-73 kernel: [    2.047104] scsi host0: ata_piix
Jul 29 02:46:48 ip-172-31-60-73 kernel: [    2.051079] scsi host1: ata_piix
Jul 29 02:46:48 ip-172-31-60-73 kernel: [    2.054674] ata1: PATA max MWDMA2 cmd 0x1f0 ctl 0x3f6 bmdma 0xc100 irq 14
Jul 29 02:46:48 ip-172-31-60-73 kernel: [    2.059612] ata2: PATA max MWDMA2 cmd 0x170 ctl 0x376 bmdma 0xc108 irq 15
Jul 29 02:46:48 ip-172-31-60-73 kernel: [    2.067106] libphy: Fixed MDIO Bus: probed
Jul 29 02:46:48 ip-172-31-60-73 kernel: [    2.070635] tun: Universal TUN/TAP device driver, 1.6
Jul 29 02:46:48 ip-172-31-60-73 kernel: [    2.074658] PPP generic driver version 2.4.2
Jul 29 02:46:48 ip-172-31-60-73 kernel: [    2.079613] xen_netfront: Initialising Xen virtual ethernet driver
Jul 29 02:46:48 ip-172-31-60-73 kernel: [    2.087238] ehci_hcd: USB 2.0 'Enhanced' Host Controller (EHCI) Driver
Jul 29 02:46:48 ip-172-31-60-73 kernel: [    2.093137] ehci-pci: EHCI PCI platform driver
Jul 29 02:46:48 ip-172-31-60-73 kernel: [    2.097353] ehci-platform: EHCI generic platform driver
Jul 29 02:46:48 ip-172-31-60-73 kernel: [    2.102750] ohci_hcd: USB 1.1 'Open' Host Controller (OHCI) Driver
Jul 29 02:46:48 ip-172-31-60-73 kernel: [    2.107558] ohci-pci: OHCI PCI platform driver
Jul 29 02:46:48 ip-172-31-60-73 kernel: [    2.112164] ohci-platform: OHCI generic platform driver
Jul 29 02:46:48 ip-172-31-60-73 kernel: [    2.116187] uhci_hcd: USB Universal Host Controller Interface driver
Jul 29 02:46:48 ip-172-31-60-73 kernel: [    2.122646] i8042: PNP: PS/2 Controller [PNP0303:PS2K,PNP0f13:PS2M] at 0x60,0x64 irq 1,12
Jul 29 02:46:48 ip-172-31-60-73 kernel: [    2.132736] serio: i8042 KBD port at 0x60,0x64 irq 1
Jul 29 02:46:48 ip-172-31-60-73 kernel: [    2.136562] serio: i8042 AUX port at 0x60,0x64 irq 12
Jul 29 02:46:48 ip-172-31-60-73 kernel: [    2.140703] mousedev: PS/2 mouse device common for all mice
Jul 29 02:46:48 ip-172-31-60-73 kernel: [    2.145981] input: AT Translated Set 2 keyboard as /devices/platform/i8042/serio0/input/input2
Jul 29 02:46:48 ip-172-31-60-73 kernel: [    2.152570] rtc_cmos 00:02: registered as rtc0
Jul 29 02:46:48 ip-172-31-60-73 kernel: [    2.156362] rtc_cmos 00:02: alarms up to one day, 114 bytes nvram, hpet irqs
Jul 29 02:46:48 ip-172-31-60-73 kernel: [    2.163193] device-mapper: uevent: version 1.0.3
Jul 29 02:46:48 ip-172-31-60-73 kernel: [    2.169586] device-mapper: ioctl: 4.40.0-ioctl (2019-01-18) initialised: dm-devel@redhat.com
Jul 29 02:46:48 ip-172-31-60-73 kernel: [    2.176332] platform eisa.0: Probing EISA bus 0
Jul 29 02:46:48 ip-172-31-60-73 kernel: [    2.180327] platform eisa.0: EISA: Cannot allocate resource for mainboard
Jul 29 02:46:48 ip-172-31-60-73 kernel: [    2.185282] platform eisa.0: Cannot allocate resource for EISA slot 1
Jul 29 02:46:48 ip-172-31-60-73 kernel: [    2.190261] platform eisa.0: Cannot allocate resource for EISA slot 2
Jul 29 02:46:48 ip-172-31-60-73 kernel: [    2.194936] platform eisa.0: Cannot allocate resource for EISA slot 3
Jul 29 02:46:48 ip-172-31-60-73 kernel: [    2.200113] platform eisa.0: Cannot allocate resource for EISA slot 4
Jul 29 02:46:48 ip-172-31-60-73 kernel: [    2.212408] platform eisa.0: Cannot allocate resource for EISA slot 5
Jul 29 02:46:48 ip-172-31-60-73 kernel: [    2.219228] platform eisa.0: Cannot allocate resource for EISA slot 6
Jul 29 02:46:48 ip-172-31-60-73 kernel: [    2.225547] platform eisa.0: Cannot allocate resource for EISA slot 7
Jul 29 02:46:48 ip-172-31-60-73 kernel: [    2.232661] platform eisa.0: Cannot allocate resource for EISA slot 8
Jul 29 02:46:48 ip-172-31-60-73 kernel: [    2.240184] platform eisa.0: EISA: Detected 0 cards
Jul 29 02:46:48 ip-172-31-60-73 kernel: [    2.245611] intel_pstate: CPU model not supported
Jul 29 02:46:48 ip-172-31-60-73 kernel: [    2.251146] NET: Registered protocol family 10
Jul 29 02:46:48 ip-172-31-60-73 kernel: [    2.256916] blkfront: xvda: barrier or flush: disabled; persistent grants: disabled; indirect descriptors: enabled;
Jul 29 02:46:48 ip-172-31-60-73 kernel: [    2.271440]  xvda: xvda1
Jul 29 02:46:48 ip-172-31-60-73 kernel: [    2.275309] Segment Routing with IPv6
Jul 29 02:46:48 ip-172-31-60-73 kernel: [    2.279899] NET: Registered protocol family 17
Jul 29 02:46:48 ip-172-31-60-73 kernel: [    2.284772] Key type dns_resolver registered
Jul 29 02:46:48 ip-172-31-60-73 kernel: [    2.290030] RAS: Correctable Errors collector initialized.
Jul 29 02:46:48 ip-172-31-60-73 kernel: [    2.295905] *** VALIDATE rdt ***
Jul 29 02:46:48 ip-172-31-60-73 kernel: [    2.300039] resctrl: L3 allocation detected
Jul 29 02:46:48 ip-172-31-60-73 kernel: [    2.304654] sched_clock: Marking stable (1741699498, 562920222)->(2563412344, -258792624)
Jul 29 02:46:48 ip-172-31-60-73 kernel: [    2.310881] registered taskstats version 1
Jul 29 02:46:48 ip-172-31-60-73 kernel: [    2.314189] Loading compiled-in X.509 certificates
Jul 29 02:46:48 ip-172-31-60-73 kernel: [    2.320142] Loaded X.509 cert 'Build time autogenerated kernel key: d53433848e6d36a1e2903c089277069f292a2482'
Jul 29 02:46:48 ip-172-31-60-73 kernel: [    2.327417] zswap: loaded using pool lzo/zbud
Jul 29 02:46:48 ip-172-31-60-73 kernel: [    2.335288] Key type big_key registered
Jul 29 02:46:48 ip-172-31-60-73 kernel: [    2.340675] Key type encrypted registered
Jul 29 02:46:48 ip-172-31-60-73 kernel: [    2.344232] AppArmor: AppArmor sha1 policy hashing enabled
Jul 29 02:46:48 ip-172-31-60-73 kernel: [    2.350143] ima: No TPM chip found, activating TPM-bypass!
Jul 29 02:46:48 ip-172-31-60-73 kernel: [    2.356093] ima: Allocated hash algorithm: sha1
Jul 29 02:46:48 ip-172-31-60-73 kernel: [    2.360939] No architecture policies found
Jul 29 02:46:48 ip-172-31-60-73 kernel: [    2.365581] evm: Initialising EVM extended attributes:
Jul 29 02:46:48 ip-172-31-60-73 kernel: [    2.371003] evm: security.selinux
Jul 29 02:46:48 ip-172-31-60-73 kernel: [    2.374811] evm: security.SMACK64
Jul 29 02:46:48 ip-172-31-60-73 kernel: [    2.378611] evm: security.SMACK64EXEC
Jul 29 02:46:48 ip-172-31-60-73 kernel: [    2.382857] evm: security.SMACK64TRANSMUTE
Jul 29 02:46:48 ip-172-31-60-73 kernel: [    2.387239] evm: security.SMACK64MMAP
Jul 29 02:46:48 ip-172-31-60-73 kernel: [    2.391386] evm: security.apparmor
Jul 29 02:46:48 ip-172-31-60-73 kernel: [    2.395294] evm: security.ima
Jul 29 02:46:48 ip-172-31-60-73 kernel: [    2.398882] evm: security.capability
Jul 29 02:46:48 ip-172-31-60-73 kernel: [    2.402960] evm: HMAC attrs: 0x1
Jul 29 02:46:48 ip-172-31-60-73 kernel: [    2.406124] PM:   Magic number: 12:630:764
Jul 29 02:46:48 ip-172-31-60-73 kernel: [    2.410721] event_source breakpoint: hash matches
Jul 29 02:46:48 ip-172-31-60-73 kernel: [    2.415275] rtc_cmos 00:02: setting system clock to 2020-07-29T02:46:38 UTC (1595990798)
Jul 29 02:46:48 ip-172-31-60-73 kernel: [    2.425773] Freeing unused decrypted memory: 2040K
Jul 29 02:46:48 ip-172-31-60-73 kernel: [    2.431518] Freeing unused kernel image memory: 2632K
Jul 29 02:46:48 ip-172-31-60-73 kernel: [    2.439070] Write protecting the kernel read-only data: 22528k
Jul 29 02:46:48 ip-172-31-60-73 kernel: [    2.444078] Freeing unused kernel image memory: 2008K
Jul 29 02:46:48 ip-172-31-60-73 kernel: [    2.448419] Freeing unused kernel image memory: 1740K
Jul 29 02:46:48 ip-172-31-60-73 kernel: [    2.461338] x86/mm: Checked W+X mappings: passed, no W+X pages found.
Jul 29 02:46:48 ip-172-31-60-73 kernel: [    2.465975] x86/mm: Checking user space page tables
Jul 29 02:46:48 ip-172-31-60-73 kernel: [    2.478956] x86/mm: Checked W+X mappings: passed, no W+X pages found.
Jul 29 02:46:48 ip-172-31-60-73 kernel: [    2.483611] Run /init as init process
Jul 29 02:46:48 ip-172-31-60-73 kernel: [    2.701097] cryptd: max_cpu_qlen set to 1000
Jul 29 02:46:48 ip-172-31-60-73 kernel: [    2.747742] AVX2 version of gcm_enc/dec engaged.
Jul 29 02:46:48 ip-172-31-60-73 kernel: [    2.751594] AES CTR mode by8 optimization enabled
Jul 29 02:46:48 ip-172-31-60-73 kernel: [    2.927133] tsc: Refined TSC clocksource calibration: 2394.458 MHz
Jul 29 02:46:48 ip-172-31-60-73 kernel: [    2.931941] clocksource: tsc: mask: 0xffffffffffffffff max_cycles: 0x2283c44026a, max_idle_ns: 440795260713 ns
Jul 29 02:46:48 ip-172-31-60-73 kernel: [    4.495058] raid6: avx2x4   gen() 23933 MB/s
Jul 29 02:46:48 ip-172-31-60-73 kernel: [    4.547061] raid6: avx2x4   xor() 15479 MB/s
Jul 29 02:46:48 ip-172-31-60-73 kernel: [    4.599059] raid6: avx2x2   gen() 20935 MB/s
Jul 29 02:46:48 ip-172-31-60-73 kernel: [    4.647057] raid6: avx2x2   xor() 12865 MB/s
Jul 29 02:46:48 ip-172-31-60-73 kernel: [    4.699063] raid6: avx2x1   gen() 18108 MB/s
Jul 29 02:46:48 ip-172-31-60-73 kernel: [    4.751060] raid6: avx2x1   xor() 12419 MB/s
Jul 29 02:46:48 ip-172-31-60-73 kernel: [    4.803064] raid6: sse2x4   gen() 12999 MB/s
Jul 29 02:46:48 ip-172-31-60-73 kernel: [    4.855062] raid6: sse2x4   xor()  8201 MB/s
Jul 29 02:46:48 ip-172-31-60-73 kernel: [    4.907059] raid6: sse2x2   gen() 10929 MB/s
Jul 29 02:46:48 ip-172-31-60-73 kernel: [    4.959060] raid6: sse2x2   xor()  7102 MB/s
Jul 29 02:46:48 ip-172-31-60-73 kernel: [    5.011066] raid6: sse2x1   gen()  8515 MB/s
Jul 29 02:46:48 ip-172-31-60-73 kernel: [    5.063060] raid6: sse2x1   xor()  6530 MB/s
Jul 29 02:46:48 ip-172-31-60-73 kernel: [    5.066982] raid6: using algorithm avx2x4 gen() 23933 MB/s
Jul 29 02:46:48 ip-172-31-60-73 kernel: [    5.073108] raid6: .... xor() 15479 MB/s, rmw enabled
Jul 29 02:46:48 ip-172-31-60-73 kernel: [    5.079368] raid6: using avx2x2 recovery algorithm
Jul 29 02:46:48 ip-172-31-60-73 kernel: [    5.086861] xor: automatically using best checksumming function   avx       
Jul 29 02:46:48 ip-172-31-60-73 kernel: [    5.094155] async_tx: api initialized (async)
Jul 29 02:46:48 ip-172-31-60-73 kernel: [    5.165788] Btrfs loaded, crc32c=crc32c-intel
Jul 29 02:46:48 ip-172-31-60-73 kernel: [    5.197333] EXT4-fs (xvda1): mounted filesystem with ordered data mode. Opts: (null)
Jul 29 02:46:48 ip-172-31-60-73 kernel: [    5.454968] systemd[1]: systemd 237 running in system mode. (+PAM +AUDIT +SELINUX +IMA +APPARMOR +SMACK +SYSVINIT +UTMP +LIBCRYPTSETUP +GCRYPT +GNUTLS +ACL +XZ +LZ4 +SECCOMP +BLKID +ELFUTILS +KMOD -IDN2 +IDN -PCRE2 default-hierarchy=hybrid)
Jul 29 02:46:48 ip-172-31-60-73 kernel: [    5.477981] systemd[1]: Detected virtualization xen.
Jul 29 02:46:48 ip-172-31-60-73 kernel: [    5.484337] systemd[1]: Detected architecture x86-64.
Jul 29 02:46:48 ip-172-31-60-73 kernel: [    5.494362] systemd[1]: Set hostname to <ip-172-31-60-73>.
